<html>
<body>
<pre>
<h1>µVision Build Log</h1>
<h2>Tool Versions:</h2>
IDE-Version: µVision V5.26.2.0
Copyright (C) 2018 ARM Ltd and ARM Germany GmbH. All rights reserved.
License Information: Jo Microsoft, Microsoft, LIC=Z3C45-G4Q72-RENH3-A3PU3-6JJC3-YF6MC
 
Tool Versions:
Toolchain:       MDK-ARM Professional  Version: 5.26.2.0
Toolchain Path:  D:\Keil_v52\ARM\ARMCLANG\Bin
C Compiler:      ArmClang.exe V6.10.1
Assembler:       Armasm.exe V6.10.1
Linker/Locator:  ArmLink.exe V6.10.1
Library Manager: ArmAr.exe V6.10.1
Hex Converter:   FromElf.exe V6.10.1
CPU DLL:         SARMCM3.DLL V5.26.2.0
Dialog DLL:      DCM.DLL V1.17.2.0
Target DLL:      STLink\ST-LINKIII-KEIL_SWO.dll V3.0.5.0
Dialog DLL:      TCM.DLL V1.36.1.0
 
<h2>Project:</h2>
D:\Dokumenty\GitHub\projekt\tempate - Kopia\MDK-ARM\tempate.uvprojx
Project File Date:  04/29/2019

<h2>Output:</h2>
*** Using Compiler 'V6.10.1', folder: 'D:\Keil_v52\ARM\ARMCLANG\Bin'
Build target 'tempate'
../Src/main.c(41): warning: In file included from...
../Inc\main.h(46): warning: In file included from...
../Drivers/STM32F4xx_HAL_Driver/Inc\stm32f4xx_ll_i2c.h(856): warning: 'register' storage class specifier is deprecated and incompatible with C++17 [-Wdeprecated-register]
  register uint32_t freqrange = 0x0U;
  ^~~~~~~~~
../Drivers/STM32F4xx_HAL_Driver/Inc\stm32f4xx_ll_i2c.h(857): warning: 'register' storage class specifier is deprecated and incompatible with C++17 [-Wdeprecated-register]
  register uint32_t clockconfig = 0x0U;
  ^~~~~~~~~
../Src/main.c(41): warning: In file included from...
../Inc\main.h(47): warning: In file included from...
../Drivers/STM32F4xx_HAL_Driver/Inc\stm32f4xx_ll_rcc.h(5681): warning: 'register' storage class specifier is deprecated and incompatible with C++17 [-Wdeprecated-register]
  register uint32_t *pReg = (uint32_t *)((uint32_t)((uint32_t)(&RCC->PLLCFGR) + (Source & 0x80U)));
  ^~~~~~~~~
../Src/main.c(41): warning: In file included from...
../Inc\main.h(55): warning: In file included from...
../Drivers/STM32F4xx_HAL_Driver/Inc\stm32f4xx_ll_rtc.h(1213): warning: 'register' storage class specifier is deprecated and incompatible with C++17 [-Wdeprecated-register]
  register uint32_t temp = 0U;
  ^~~~~~~~~
../Drivers/STM32F4xx_HAL_Driver/Inc\stm32f4xx_ll_rtc.h(1251): warning: 'register' storage class specifier is deprecated and incompatible with C++17 [-Wdeprecated-register]
  register uint32_t temp = 0U;
  ^~~~~~~~~
../Drivers/STM32F4xx_HAL_Driver/Inc\stm32f4xx_ll_rtc.h(1289): warning: 'register' storage class specifier is deprecated and incompatible with C++17 [-Wdeprecated-register]
  register uint32_t temp = 0U;
  ^~~~~~~~~
../Drivers/STM32F4xx_HAL_Driver/Inc\stm32f4xx_ll_rtc.h(1318): warning: 'register' storage class specifier is deprecated and incompatible with C++17 [-Wdeprecated-register]
  register uint32_t temp = 0U;
  ^~~~~~~~~
../Drivers/STM32F4xx_HAL_Driver/Inc\stm32f4xx_ll_rtc.h(1346): warning: 'register' storage class specifier is deprecated and incompatible with C++17 [-Wdeprecated-register]
  register uint32_t temp = 0U;
  ^~~~~~~~~
../Drivers/STM32F4xx_HAL_Driver/Inc\stm32f4xx_ll_rtc.h(1485): warning: 'register' storage class specifier is deprecated and incompatible with C++17 [-Wdeprecated-register]
  register uint32_t temp = 0U;
  ^~~~~~~~~
../Drivers/STM32F4xx_HAL_Driver/Inc\stm32f4xx_ll_rtc.h(1581): warning: 'register' storage class specifier is deprecated and incompatible with C++17 [-Wdeprecated-register]
  register uint32_t temp = 0U;
  ^~~~~~~~~
../Drivers/STM32F4xx_HAL_Driver/Inc\stm32f4xx_ll_rtc.h(1614): warning: 'register' storage class specifier is deprecated and incompatible with C++17 [-Wdeprecated-register]
  register uint32_t temp = 0U;
  ^~~~~~~~~
../Drivers/STM32F4xx_HAL_Driver/Inc\stm32f4xx_ll_rtc.h(1657): warning: 'register' storage class specifier is deprecated and incompatible with C++17 [-Wdeprecated-register]
  register uint32_t temp = 0U;
  ^~~~~~~~~
../Drivers/STM32F4xx_HAL_Driver/Inc\stm32f4xx_ll_rtc.h(1685): warning: 'register' storage class specifier is deprecated and incompatible with C++17 [-Wdeprecated-register]
  register uint32_t temp = 0U;
  ^~~~~~~~~
../Drivers/STM32F4xx_HAL_Driver/Inc\stm32f4xx_ll_rtc.h(1814): warning: 'register' storage class specifier is deprecated and incompatible with C++17 [-Wdeprecated-register]
  register uint32_t temp = 0U;
  ^~~~~~~~~
../Drivers/STM32F4xx_HAL_Driver/Inc\stm32f4xx_ll_rtc.h(1909): warning: 'register' storage class specifier is deprecated and incompatible with C++17 [-Wdeprecated-register]
  register uint32_t temp = 0U;
  ^~~~~~~~~
../Drivers/STM32F4xx_HAL_Driver/Inc\stm32f4xx_ll_rtc.h(1940): warning: 'register' storage class specifier is deprecated and incompatible with C++17 [-Wdeprecated-register]
  register uint32_t temp = 0U;
  ^~~~~~~~~
../Drivers/STM32F4xx_HAL_Driver/Inc\stm32f4xx_ll_rtc.h(1971): warning: 'register' storage class specifier is deprecated and incompatible with C++17 [-Wdeprecated-register]
  register uint32_t temp = 0U;
  ^~~~~~~~~
../Drivers/STM32F4xx_HAL_Driver/Inc\stm32f4xx_ll_rtc.h(1997): warning: 'register' storage class specifier is deprecated and incompatible with C++17 [-Wdeprecated-register]
  register uint32_t temp = 0U;
  ^~~~~~~~~
../Drivers/STM32F4xx_HAL_Driver/Inc\stm32f4xx_ll_rtc.h(2192): warning: 'register' storage class specifier is deprecated and incompatible with C++17 [-Wdeprecated-register]
  register uint32_t temp = 0U;
  ^~~~~~~~~
../Drivers/STM32F4xx_HAL_Driver/Inc\stm32f4xx_ll_rtc.h(2287): warning: 'register' storage class specifier is deprecated and incompatible with C++17 [-Wdeprecated-register]
  register uint32_t temp = 0U;
  ^~~~~~~~~
../Drivers/STM32F4xx_HAL_Driver/Inc\stm32f4xx_ll_rtc.h(2318): warning: 'register' storage class specifier is deprecated and incompatible with C++17 [-Wdeprecated-register]
  register uint32_t temp = 0U;
  ^~~~~~~~~
../Drivers/STM32F4xx_HAL_Driver/Inc\stm32f4xx_ll_rtc.h(2349): warning: 'register' storage class specifier is deprecated and incompatible with C++17 [-Wdeprecated-register]
  register uint32_t temp = 0U;
  ^~~~~~~~~
../Drivers/STM32F4xx_HAL_Driver/Inc\stm32f4xx_ll_rtc.h(2375): warning: 'register' storage class specifier is deprecated and incompatible with C++17 [-Wdeprecated-register]
  register uint32_t temp = 0U;
  ^~~~~~~~~
../Drivers/STM32F4xx_HAL_Driver/Inc\stm32f4xx_ll_rtc.h(3108): warning: 'register' storage class specifier is deprecated and incompatible with C++17 [-Wdeprecated-register]
  register uint32_t tmp = 0U;
  ^~~~~~~~~
../Drivers/STM32F4xx_HAL_Driver/Inc\stm32f4xx_ll_rtc.h(3146): warning: 'register' storage class specifier is deprecated and incompatible with C++17 [-Wdeprecated-register]
  register uint32_t tmp = 0U;
  ^~~~~~~~~
../Src/main.c(41): warning: In file included from...
../Inc\main.h(56): warning: In file included from...
../Drivers/STM32F4xx_HAL_Driver/Inc\stm32f4xx_ll_spi.h(729): warning: 'register' storage class specifier is deprecated and incompatible with C++17 [-Wdeprecated-register]
  register uint32_t Ssm  = (READ_BIT(SPIx->CR1, SPI_CR1_SSM));
  ^~~~~~~~~
../Drivers/STM32F4xx_HAL_Driver/Inc\stm32f4xx_ll_spi.h(730): warning: 'register' storage class specifier is deprecated and incompatible with C++17 [-Wdeprecated-register]
  register uint32_t Ssoe = (READ_BIT(SPIx->CR2,  SPI_CR2_SSOE) << 16U);
  ^~~~~~~~~
../Src/main.c(41): warning: In file included from...
../Inc\main.h(58): warning: In file included from...
../Drivers/STM32F4xx_HAL_Driver/Inc\stm32f4xx_ll_tim.h(1625): warning: 'register' storage class specifier is deprecated and incompatible with C++17 [-Wdeprecated-register]
  register uint8_t iChannel = TIM_GET_CHANNEL_INDEX(Channel);
  ^~~~~~~~~
../Drivers/STM32F4xx_HAL_Driver/Inc\stm32f4xx_ll_tim.h(1626): warning: 'register' storage class specifier is deprecated and incompatible with C++17 [-Wdeprecated-register]
  register uint32_t *pReg = (uint32_t *)((uint32_t)((uint32_t)(&TIMx->CCMR1) + OFFSET_TAB_CCMRx[iChannel]));
  ^~~~~~~~~
../Drivers/STM32F4xx_HAL_Driver/Inc\stm32f4xx_ll_tim.h(1660): warning: 'register' storage class specifier is deprecated and incompatible with C++17 [-Wdeprecated-register]
  register uint8_t iChannel = TIM_GET_CHANNEL_INDEX(Channel);
  ^~~~~~~~~
../Drivers/STM32F4xx_HAL_Driver/Inc\stm32f4xx_ll_tim.h(1661): warning: 'register' storage class specifier is deprecated and incompatible with C++17 [-Wdeprecated-register]
  register uint32_t *pReg = (uint32_t *)((uint32_t)((uint32_t)(&TIMx->CCMR1) + OFFSET_TAB_CCMRx[iChannel]));
  ^~~~~~~~~
../Drivers/STM32F4xx_HAL_Driver/Inc\stm32f4xx_ll_tim.h(1689): warning: 'register' storage class specifier is deprecated and incompatible with C++17 [-Wdeprecated-register]
  register uint8_t iChannel = TIM_GET_CHANNEL_INDEX(Channel);
  ^~~~~~~~~
../Drivers/STM32F4xx_HAL_Driver/Inc\stm32f4xx_ll_tim.h(1690): warning: 'register' storage class specifier is deprecated and incompatible with C++17 [-Wdeprecated-register]
  register uint32_t *pReg = (uint32_t *)((uint32_t)((uint32_t)(&TIMx->CCMR1) + OFFSET_TAB_CCMRx[iChannel]));
  ^~~~~~~~~
../Drivers/STM32F4xx_HAL_Driver/Inc\stm32f4xx_ll_tim.h(1719): warning: 'register' storage class specifier is deprecated and incompatible with C++17 [-Wdeprecated-register]
  register uint8_t iChannel = TIM_GET_CHANNEL_INDEX(Channel);
  ^~~~~~~~~
../Drivers/STM32F4xx_HAL_Driver/Inc\stm32f4xx_ll_tim.h(1747): warning: 'register' storage class specifier is deprecated and incompatible with C++17 [-Wdeprecated-register]
  register uint8_t iChannel = TIM_GET_CHANNEL_INDEX(Channel);
  ^~~~~~~~~
../Drivers/STM32F4xx_HAL_Driver/Inc\stm32f4xx_ll_tim.h(1780): warning: 'register' storage class specifier is deprecated and incompatible with C++17 [-Wdeprecated-register]
  register uint8_t iChannel = TIM_GET_CHANNEL_INDEX(Channel);
  ^~~~~~~~~
../Drivers/STM32F4xx_HAL_Driver/Inc\stm32f4xx_ll_tim.h(1808): warning: 'register' storage class specifier is deprecated and incompatible with C++17 [-Wdeprecated-register]
  register uint8_t iChannel = TIM_GET_CHANNEL_INDEX(Channel);
  ^~~~~~~~~
../Drivers/STM32F4xx_HAL_Driver/Inc\stm32f4xx_ll_tim.h(1829): warning: 'register' storage class specifier is deprecated and incompatible with C++17 [-Wdeprecated-register]
  register uint8_t iChannel = TIM_GET_CHANNEL_INDEX(Channel);
  ^~~~~~~~~
../Drivers/STM32F4xx_HAL_Driver/Inc\stm32f4xx_ll_tim.h(1830): warning: 'register' storage class specifier is deprecated and incompatible with C++17 [-Wdeprecated-register]
  register uint32_t *pReg = (uint32_t *)((uint32_t)((uint32_t)(&TIMx->CCMR1) + OFFSET_TAB_CCMRx[iChannel]));
  ^~~~~~~~~
../Drivers/STM32F4xx_HAL_Driver/Inc\stm32f4xx_ll_tim.h(1851): warning: 'register' storage class specifier is deprecated and incompatible with C++17 [-Wdeprecated-register]
  register uint8_t iChannel = TIM_GET_CHANNEL_INDEX(Channel);
  ^~~~~~~~~
../Drivers/STM32F4xx_HAL_Driver/Inc\stm32f4xx_ll_tim.h(1852): warning: 'register' storage class specifier is deprecated and incompatible with C++17 [-Wdeprecated-register]
  register uint32_t *pReg = (uint32_t *)((uint32_t)((uint32_t)(&TIMx->CCMR1) + OFFSET_TAB_CCMRx[iChannel]));
  ^~~~~~~~~
../Drivers/STM32F4xx_HAL_Driver/Inc\stm32f4xx_ll_tim.h(1873): warning: 'register' storage class specifier is deprecated and incompatible with C++17 [-Wdeprecated-register]
  register uint8_t iChannel = TIM_GET_CHANNEL_INDEX(Channel);
  ^~~~~~~~~
../Drivers/STM32F4xx_HAL_Driver/Inc\stm32f4xx_ll_tim.h(1874): warning: 'register' storage class specifier is deprecated and incompatible with C++17 [-Wdeprecated-register]
  register uint32_t *pReg = (uint32_t *)((uint32_t)((uint32_t)(&TIMx->CCMR1) + OFFSET_TAB_CCMRx[iChannel]));
  ^~~~~~~~~
../Drivers/STM32F4xx_HAL_Driver/Inc\stm32f4xx_ll_tim.h(1875): warning: 'register' storage class specifier is deprecated and incompatible with C++17 [-Wdeprecated-register]
  register uint32_t bitfield = TIM_CCMR1_OC1FE << SHIFT_TAB_OCxx[iChannel];
  ^~~~~~~~~
../Drivers/STM32F4xx_HAL_Driver/Inc\stm32f4xx_ll_tim.h(1895): warning: 'register' storage class specifier is deprecated and incompatible with C++17 [-Wdeprecated-register]
  register uint8_t iChannel = TIM_GET_CHANNEL_INDEX(Channel);
  ^~~~~~~~~
../Drivers/STM32F4xx_HAL_Driver/Inc\stm32f4xx_ll_tim.h(1896): warning: 'register' storage class specifier is deprecated and incompatible with C++17 [-Wdeprecated-register]
  register uint32_t *pReg = (uint32_t *)((uint32_t)((uint32_t)(&TIMx->CCMR1) + OFFSET_TAB_CCMRx[iChannel]));
  ^~~~~~~~~
../Drivers/STM32F4xx_HAL_Driver/Inc\stm32f4xx_ll_tim.h(1916): warning: 'register' storage class specifier is deprecated and incompatible with C++17 [-Wdeprecated-register]
  register uint8_t iChannel = TIM_GET_CHANNEL_INDEX(Channel);
  ^~~~~~~~~
../Drivers/STM32F4xx_HAL_Driver/Inc\stm32f4xx_ll_tim.h(1917): warning: 'register' storage class specifier is deprecated and incompatible with C++17 [-Wdeprecated-register]
  register uint32_t *pReg = (uint32_t *)((uint32_t)((uint32_t)(&TIMx->CCMR1) + OFFSET_TAB_CCMRx[iChannel]));
  ^~~~~~~~~
../Drivers/STM32F4xx_HAL_Driver/Inc\stm32f4xx_ll_tim.h(1937): warning: 'register' storage class specifier is deprecated and incompatible with C++17 [-Wdeprecated-register]
  register uint8_t iChannel = TIM_GET_CHANNEL_INDEX(Channel);
  ^~~~~~~~~
../Drivers/STM32F4xx_HAL_Driver/Inc\stm32f4xx_ll_tim.h(1938): warning: 'register' storage class specifier is deprecated and incompatible with C++17 [-Wdeprecated-register]
  register uint32_t *pReg = (uint32_t *)((uint32_t)((uint32_t)(&TIMx->CCMR1) + OFFSET_TAB_CCMRx[iChannel]));
  ^~~~~~~~~
../Drivers/STM32F4xx_HAL_Driver/Inc\stm32f4xx_ll_tim.h(1939): warning: 'register' storage class specifier is deprecated and incompatible with C++17 [-Wdeprecated-register]
  register uint32_t bitfield = TIM_CCMR1_OC1PE << SHIFT_TAB_OCxx[iChannel];
  ^~~~~~~~~
../Drivers/STM32F4xx_HAL_Driver/Inc\stm32f4xx_ll_tim.h(1962): warning: 'register' storage class specifier is deprecated and incompatible with C++17 [-Wdeprecated-register]
  register uint8_t iChannel = TIM_GET_CHANNEL_INDEX(Channel);
  ^~~~~~~~~
../Drivers/STM32F4xx_HAL_Driver/Inc\stm32f4xx_ll_tim.h(1963): warning: 'register' storage class specifier is deprecated and incompatible with C++17 [-Wdeprecated-register]
  register uint32_t *pReg = (uint32_t *)((uint32_t)((uint32_t)(&TIMx->CCMR1) + OFFSET_TAB_CCMRx[iChannel]));
  ^~~~~~~~~
../Drivers/STM32F4xx_HAL_Driver/Inc\stm32f4xx_ll_tim.h(1985): warning: 'register' storage class specifier is deprecated and incompatible with C++17 [-Wdeprecated-register]
  register uint8_t iChannel = TIM_GET_CHANNEL_INDEX(Channel);
  ^~~~~~~~~
../Drivers/STM32F4xx_HAL_Driver/Inc\stm32f4xx_ll_tim.h(1986): warning: 'register' storage class specifier is deprecated and incompatible with C++17 [-Wdeprecated-register]
  register uint32_t *pReg = (uint32_t *)((uint32_t)((uint32_t)(&TIMx->CCMR1) + OFFSET_TAB_CCMRx[iChannel]));
  ^~~~~~~~~
../Drivers/STM32F4xx_HAL_Driver/Inc\stm32f4xx_ll_tim.h(2010): warning: 'register' storage class specifier is deprecated and incompatible with C++17 [-Wdeprecated-register]
  register uint8_t iChannel = TIM_GET_CHANNEL_INDEX(Channel);
  ^~~~~~~~~
../Drivers/STM32F4xx_HAL_Driver/Inc\stm32f4xx_ll_tim.h(2011): warning: 'register' storage class specifier is deprecated and incompatible with C++17 [-Wdeprecated-register]
  register uint32_t *pReg = (uint32_t *)((uint32_t)((uint32_t)(&TIMx->CCMR1) + OFFSET_TAB_CCMRx[iChannel]));
  ^~~~~~~~~
../Drivers/STM32F4xx_HAL_Driver/Inc\stm32f4xx_ll_tim.h(2012): warning: 'register' storage class specifier is deprecated and incompatible with C++17 [-Wdeprecated-register]
  register uint32_t bitfield = TIM_CCMR1_OC1CE << SHIFT_TAB_OCxx[iChannel];
  ^~~~~~~~~
../Drivers/STM32F4xx_HAL_Driver/Inc\stm32f4xx_ll_tim.h(2207): warning: 'register' storage class specifier is deprecated and incompatible with C++17 [-Wdeprecated-register]
  register uint8_t iChannel = TIM_GET_CHANNEL_INDEX(Channel);
  ^~~~~~~~~
../Drivers/STM32F4xx_HAL_Driver/Inc\stm32f4xx_ll_tim.h(2208): warning: 'register' storage class specifier is deprecated and incompatible with C++17 [-Wdeprecated-register]
  register uint32_t *pReg = (uint32_t *)((uint32_t)((uint32_t)(&TIMx->CCMR1) + OFFSET_TAB_CCMRx[iChannel]));
  ^~~~~~~~~
../Drivers/STM32F4xx_HAL_Driver/Inc\stm32f4xx_ll_tim.h(2235): warning: 'register' storage class specifier is deprecated and incompatible with C++17 [-Wdeprecated-register]
  register uint8_t iChannel = TIM_GET_CHANNEL_INDEX(Channel);
  ^~~~~~~~~
../Drivers/STM32F4xx_HAL_Driver/Inc\stm32f4xx_ll_tim.h(2236): warning: 'register' storage class specifier is deprecated and incompatible with C++17 [-Wdeprecated-register]
  register uint32_t *pReg = (uint32_t *)((uint32_t)((uint32_t)(&TIMx->CCMR1) + OFFSET_TAB_CCMRx[iChannel]));
  ^~~~~~~~~
../Drivers/STM32F4xx_HAL_Driver/Inc\stm32f4xx_ll_tim.h(2259): warning: 'register' storage class specifier is deprecated and incompatible with C++17 [-Wdeprecated-register]
  register uint8_t iChannel = TIM_GET_CHANNEL_INDEX(Channel);
  ^~~~~~~~~
../Drivers/STM32F4xx_HAL_Driver/Inc\stm32f4xx_ll_tim.h(2260): warning: 'register' storage class specifier is deprecated and incompatible with C++17 [-Wdeprecated-register]
  register uint32_t *pReg = (uint32_t *)((uint32_t)((uint32_t)(&TIMx->CCMR1) + OFFSET_TAB_CCMRx[iChannel]));
  ^~~~~~~~~
../Drivers/STM32F4xx_HAL_Driver/Inc\stm32f4xx_ll_tim.h(2285): warning: 'register' storage class specifier is deprecated and incompatible with C++17 [-Wdeprecated-register]
  register uint8_t iChannel = TIM_GET_CHANNEL_INDEX(Channel);
  ^~~~~~~~~
../Drivers/STM32F4xx_HAL_Driver/Inc\stm32f4xx_ll_tim.h(2286): warning: 'register' storage class specifier is deprecated and incompatible with C++17 [-Wdeprecated-register]
  register uint32_t *pReg = (uint32_t *)((uint32_t)((uint32_t)(&TIMx->CCMR1) + OFFSET_TAB_CCMRx[iChannel]));
  ^~~~~~~~~
../Drivers/STM32F4xx_HAL_Driver/Inc\stm32f4xx_ll_tim.h(2310): warning: 'register' storage class specifier is deprecated and incompatible with C++17 [-Wdeprecated-register]
  register uint8_t iChannel = TIM_GET_CHANNEL_INDEX(Channel);
  ^~~~~~~~~
../Drivers/STM32F4xx_HAL_Driver/Inc\stm32f4xx_ll_tim.h(2311): warning: 'register' storage class specifier is deprecated and incompatible with C++17 [-Wdeprecated-register]
  register uint32_t *pReg = (uint32_t *)((uint32_t)((uint32_t)(&TIMx->CCMR1) + OFFSET_TAB_CCMRx[iChannel]));
  ^~~~~~~~~
../Drivers/STM32F4xx_HAL_Driver/Inc\stm32f4xx_ll_tim.h(2348): warning: 'register' storage class specifier is deprecated and incompatible with C++17 [-Wdeprecated-register]
  register uint8_t iChannel = TIM_GET_CHANNEL_INDEX(Channel);
  ^~~~~~~~~
../Drivers/STM32F4xx_HAL_Driver/Inc\stm32f4xx_ll_tim.h(2349): warning: 'register' storage class specifier is deprecated and incompatible with C++17 [-Wdeprecated-register]
  register uint32_t *pReg = (uint32_t *)((uint32_t)((uint32_t)(&TIMx->CCMR1) + OFFSET_TAB_CCMRx[iChannel]));
  ^~~~~~~~~
../Drivers/STM32F4xx_HAL_Driver/Inc\stm32f4xx_ll_tim.h(2385): warning: 'register' storage class specifier is deprecated and incompatible with C++17 [-Wdeprecated-register]
  register uint8_t iChannel = TIM_GET_CHANNEL_INDEX(Channel);
  ^~~~~~~~~
../Drivers/STM32F4xx_HAL_Driver/Inc\stm32f4xx_ll_tim.h(2386): warning: 'register' storage class specifier is deprecated and incompatible with C++17 [-Wdeprecated-register]
  register uint32_t *pReg = (uint32_t *)((uint32_t)((uint32_t)(&TIMx->CCMR1) + OFFSET_TAB_CCMRx[iChannel]));
  ^~~~~~~~~
../Drivers/STM32F4xx_HAL_Driver/Inc\stm32f4xx_ll_tim.h(2414): warning: 'register' storage class specifier is deprecated and incompatible with C++17 [-Wdeprecated-register]
  register uint8_t iChannel = TIM_GET_CHANNEL_INDEX(Channel);
  ^~~~~~~~~
../Drivers/STM32F4xx_HAL_Driver/Inc\stm32f4xx_ll_tim.h(2442): warning: 'register' storage class specifier is deprecated and incompatible with C++17 [-Wdeprecated-register]
  register uint8_t iChannel = TIM_GET_CHANNEL_INDEX(Channel);
  ^~~~~~~~~
../Src/main.c(319): warning: ISO C++11 does not allow conversion from string literal to 'char *' [-Wwritable-strings]
                Error_Handler();  
                ^
../Inc\main.h(95): note: expanded from macro 'Error_Handler'
#define Error_Handler() _Error_Handler(__FILE__, __LINE__)
                                       ^
<scratch space>(49): note: expanded from here
"../Src/main.c"
^
75 warnings generated.
compiling main.c...
linking...
Program Size: Code=37240 RO-data=4784 RW-data=428 ZI-data=2412  
FromELF: creating hex file...
"tempate\tempate.axf" - 0 Error(s), 75 Warning(s).

<h2>Software Packages used:</h2>

Package Vendor: ARM
                http://www.keil.com/pack/ARM.CMSIS.5.4.0.pack
                ARM.CMSIS.5.4.0
                CMSIS (Cortex Microcontroller Software Interface Standard)
   * Component: CORE Version: 5.1.2

Package Vendor: Keil
                http://www.keil.com/pack/Keil.STM32F4xx_DFP.2.13.0.pack
                Keil.STM32F4xx_DFP.2.13.0
                STMicroelectronics STM32F4 Series Device Support, Drivers and Examples

<h2>Collection of Component include folders:</h2>
  .\RTE\_tempate
  D:\Keil_v52\ARM\PACK\ARM\CMSIS\5.4.0\CMSIS\Core\Include
  D:\Keil_v52\ARM\PACK\Keil\STM32F4xx_DFP\2.13.0\Drivers\CMSIS\Device\ST\STM32F4xx\Include

<h2>Collection of Component Files used:</h2>

   * Component: ARM::CMSIS:CORE:5.1.2
Build Time Elapsed:  00:00:02
</pre>
</body>
</html>
