Component: ARM Compiler 6.10.1 Tool: armlink [5d142800]

==============================================================================

Section Cross References

    startup_stm32f407xx.o(STACK) refers (Special) to heapauxi.o(.text) for __use_two_region_memory
    startup_stm32f407xx.o(HEAP) refers (Special) to heapauxi.o(.text) for __use_two_region_memory
    startup_stm32f407xx.o(RESET) refers (Special) to heapauxi.o(.text) for __use_two_region_memory
    startup_stm32f407xx.o(RESET) refers to startup_stm32f407xx.o(STACK) for __initial_sp
    startup_stm32f407xx.o(RESET) refers to startup_stm32f407xx.o(.text) for Reset_Handler
    startup_stm32f407xx.o(RESET) refers to stm32f4xx_it.o(.text.NMI_Handler) for NMI_Handler
    startup_stm32f407xx.o(RESET) refers to stm32f4xx_it.o(.text.HardFault_Handler) for HardFault_Handler
    startup_stm32f407xx.o(RESET) refers to stm32f4xx_it.o(.text.MemManage_Handler) for MemManage_Handler
    startup_stm32f407xx.o(RESET) refers to stm32f4xx_it.o(.text.BusFault_Handler) for BusFault_Handler
    startup_stm32f407xx.o(RESET) refers to stm32f4xx_it.o(.text.UsageFault_Handler) for UsageFault_Handler
    startup_stm32f407xx.o(RESET) refers to stm32f4xx_it.o(.text.SVC_Handler) for SVC_Handler
    startup_stm32f407xx.o(RESET) refers to stm32f4xx_it.o(.text.DebugMon_Handler) for DebugMon_Handler
    startup_stm32f407xx.o(RESET) refers to stm32f4xx_it.o(.text.PendSV_Handler) for PendSV_Handler
    startup_stm32f407xx.o(RESET) refers to stm32f4xx_it.o(.text.SysTick_Handler) for SysTick_Handler
    startup_stm32f407xx.o(RESET) refers to main.o(.text.TIM5_IRQHandler) for TIM5_IRQHandler
    startup_stm32f407xx.o(.text) refers (Special) to heapauxi.o(.text) for __use_two_region_memory
    startup_stm32f407xx.o(.text) refers to system_stm32f4xx.o(.text.SystemInit) for SystemInit
    startup_stm32f407xx.o(.text) refers to __main.o(!!!main) for __main
    startup_stm32f407xx.o(.text) refers to startup_stm32f407xx.o(HEAP) for Heap_Mem
    startup_stm32f407xx.o(.text) refers to startup_stm32f407xx.o(STACK) for Stack_Mem
    main.o(.text) refers (Special) to _printf_dec.o(.text) for _printf_int_dec
    main.o(.text) refers (Special) to _printf_percent.o(.ARM.Collect$$_printf_percent$$00000000) for _printf_percent
    main.o(.text) refers (Special) to _printf_u.o(.ARM.Collect$$_printf_percent$$0000000A) for _printf_u
    main.o(.text._ZN4Menu10addElementEP11MenuElement) refers (Special) to _printf_dec.o(.text) for _printf_int_dec
    main.o(.text._ZN4Menu10addElementEP11MenuElement) refers (Special) to _printf_percent.o(.ARM.Collect$$_printf_percent$$00000000) for _printf_percent
    main.o(.text._ZN4Menu10addElementEP11MenuElement) refers (Special) to _printf_u.o(.ARM.Collect$$_printf_percent$$0000000A) for _printf_u
    main.o(.ARM.exidx.text._ZN4Menu10addElementEP11MenuElement) refers (Special) to _printf_dec.o(.text) for _printf_int_dec
    main.o(.ARM.exidx.text._ZN4Menu10addElementEP11MenuElement) refers (Special) to _printf_percent.o(.ARM.Collect$$_printf_percent$$00000000) for _printf_percent
    main.o(.ARM.exidx.text._ZN4Menu10addElementEP11MenuElement) refers (Special) to _printf_u.o(.ARM.Collect$$_printf_percent$$0000000A) for _printf_u
    main.o(.ARM.exidx.text._ZN4Menu10addElementEP11MenuElement) refers to main.o(.text._ZN4Menu10addElementEP11MenuElement) for [Anonymous Symbol]
    main.o(.text._ZN4Menu8nextLeftEv) refers (Special) to _printf_dec.o(.text) for _printf_int_dec
    main.o(.text._ZN4Menu8nextLeftEv) refers (Special) to _printf_percent.o(.ARM.Collect$$_printf_percent$$00000000) for _printf_percent
    main.o(.text._ZN4Menu8nextLeftEv) refers (Special) to _printf_u.o(.ARM.Collect$$_printf_percent$$0000000A) for _printf_u
    main.o(.ARM.exidx.text._ZN4Menu8nextLeftEv) refers (Special) to _printf_dec.o(.text) for _printf_int_dec
    main.o(.ARM.exidx.text._ZN4Menu8nextLeftEv) refers (Special) to _printf_percent.o(.ARM.Collect$$_printf_percent$$00000000) for _printf_percent
    main.o(.ARM.exidx.text._ZN4Menu8nextLeftEv) refers (Special) to _printf_u.o(.ARM.Collect$$_printf_percent$$0000000A) for _printf_u
    main.o(.ARM.exidx.text._ZN4Menu8nextLeftEv) refers to Unwind-EHABI.cpp.o(.text.__aeabi_unwind_cpp_pr0) for __aeabi_unwind_cpp_pr0
    main.o(.ARM.exidx.text._ZN4Menu8nextLeftEv) refers to main.o(.text._ZN4Menu8nextLeftEv) for [Anonymous Symbol]
    main.o(.text._ZN4Menu9nextRightEv) refers (Special) to _printf_dec.o(.text) for _printf_int_dec
    main.o(.text._ZN4Menu9nextRightEv) refers (Special) to _printf_percent.o(.ARM.Collect$$_printf_percent$$00000000) for _printf_percent
    main.o(.text._ZN4Menu9nextRightEv) refers (Special) to _printf_u.o(.ARM.Collect$$_printf_percent$$0000000A) for _printf_u
    main.o(.ARM.exidx.text._ZN4Menu9nextRightEv) refers (Special) to _printf_dec.o(.text) for _printf_int_dec
[...]
    0x08001688   0x08001688   0x0000002c   Code   RO         1587    .text               c_w.l(_printf_char.o)
    0x080016b4   0x080016b4   0x0000002c   Code   RO         1589    .text               c_w.l(_printf_wchar.o)
    0x080016e0   0x080016e0   0x00000048   Code   RO         1591    .text               c_w.l(_c16rtomb.o)
    0x08001728   0x08001728   0x0000000e   Code   RO         1593    .text               c_w.l(defsig_abrt_outer.o)
    0x08001736   0x08001736   0x0000000e   Code   RO         1597    .text               c_w.l(defsig_rtmem_outer.o)
    0x08001744   0x08001744   0x0000008a   Code   RO         1601    .text               c_w.l(rt_memcpy_v6.o)
    0x080017ce   0x080017ce   0x00000044   Code   RO         1603    .text               c_w.l(rt_memclr.o)
    0x08001812   0x08001812   0x00000002   PAD
    0x08001814   0x08001814   0x00000026   Code   RO         1639    .text               libunwind_wx.l(UnwindRegistersRestore.S.o)
    0x0800183a   0x0800183a   0x00000002   Code   RO         1640    .text               c_w.l(use_no_semi.o)
    0x0800183c   0x0800183c   0x00000000   Code   RO         1642    .text               c_w.l(indicate_semi.o)
    0x0800183c   0x0800183c   0x0000004a   Code   RO         1643    .text               c_w.l(sys_stackheap_outer.o)
    0x08001886   0x08001886   0x00000002   PAD
    0x08001888   0x08001888   0x00000010   Code   RO         1645    .text               c_w.l(rt_ctype_table.o)
    0x08001898   0x08001898   0x00000008   Code   RO         1652    .text               c_w.l(rt_locale_intlibspace.o)
    0x080018a0   0x080018a0   0x00000028   Code   RO         1654    .text               c_w.l(calloc.o)
    0x080018c8   0x080018c8   0x00000080   Code   RO         1658    .text               c_w.l(_printf_fp_infnan.o)
    0x08001948   0x08001948   0x000000e4   Code   RO         1660    .text               c_w.l(bigflt0.o)
    0x08001a2c   0x08001a2c   0x00000012   Code   RO         1690    .text               c_w.l(exit.o)
    0x08001a3e   0x08001a3e   0x0000000a   Code   RO         1692    .text               c_w.l(defsig_exit.o)
    0x08001a48   0x08001a48   0x00000030   Code   RO         1694    .text               c_w.l(defsig_abrt_inner.o)
    0x08001a78   0x08001a78   0x00000050   Code   RO         1700    .text               c_w.l(defsig_rtmem_inner.o)
    0x08001ac8   0x08001ac8   0x00000032   Code   RO         1729    .text               c_w.l(defsig_general.o)
    0x08001afa   0x08001afa   0x0000000e   Code   RO         1749    .text               c_w.l(sys_wrch.o)
    0x08001b08   0x08001b08   0x00000002   Code   RO          130    .text.BusFault_Handler  stm32f4xx_it.o
    0x08001b0a   0x08001b0a   0x00000002   PAD
    0x08001b0c   0x08001b0c   0x00000002   Code   RO          136    .text.DebugMon_Handler  stm32f4xx_it.o
    0x08001b0e   0x08001b0e   0x00000002   PAD
    0x08001b10   0x08001b10   0x00000002   Code   RO          126    .text.HardFault_Handler  stm32f4xx_it.o
    0x08001b12   0x08001b12   0x00000002   PAD
    0x08001b14   0x08001b14   0x0000001c   Code   RO          289    .text.LL_APB1_GRP1_EnableClock  functions.o
    0x08001b30   0x08001b30   0x0000001c   Code   RO          287    .text.LL_APB2_GRP1_EnableClock  functions.o
    0x08001b4c   0x08001b4c   0x000001ba   Code   RO          421    .text.LL_DMA_DeInit  stm32f4xx_ll_dma.o
    0x08001d06   0x08001d06   0x00000002   PAD
    0x08001d08   0x08001d08   0x00000094   Code   RO          423    .text.LL_DMA_Init   stm32f4xx_ll_dma.o
    0x08001d9c   0x08001d9c   0x0000000a   Code   RO          425    .text.LL_DMA_StructInit  stm32f4xx_ll_dma.o
    0x08001da6   0x08001da6   0x00000002   PAD
    0x08001da8   0x08001da8   0x00000128   Code   RO          389    .text.LL_GPIO_Init  stm32f4xx_ll_gpio.o
    0x08001ed0   0x08001ed0   0x00000028   Code   RO          542    .text.LL_Init1msTick  stm32f4xx_ll_utils.o
    0x08001ef8   0x08001ef8   0x0000000c   Code   RO          546    .text.LL_SetSystemCoreClock  stm32f4xx_ll_utils.o
    0x08001f04   0x08001f04   0x0000024e   Code   RO          582    .text.LL_TIM_DeInit  stm32f4xx_ll_tim.o
    0x08002152   0x08002152   0x00000002   PAD
    0x08002154   0x08002154   0x00000124   Code   RO          586    .text.LL_TIM_Init   stm32f4xx_ll_tim.o
    0x08002278   0x08002278   0x000001e2   Code   RO          590    .text.LL_TIM_OC_Init  stm32f4xx_ll_tim.o
    0x0800245a   0x0800245a   0x00000002   PAD
    0x0800245c   0x0800245c   0x00000012   Code   RO          584    .text.LL_TIM_StructInit  stm32f4xx_ll_tim.o
    0x0800246e   0x0800246e   0x00000002   PAD
    0x08002470   0x08002470   0x00000002   Code   RO          128    .text.MemManage_Handler  stm32f4xx_it.o
    0x08002472   0x08002472   0x00000002   PAD
    0x08002474   0x08002474   0x00000002   Code   RO          124    .text.NMI_Handler   stm32f4xx_it.o
    0x08002476   0x08002476   0x00000002   PAD
    0x08002478   0x08002478   0x00000002   Code   RO          138    .text.PendSV_Handler  stm32f4xx_it.o
    0x0800247a   0x0800247a   0x00000002   PAD
    0x0800247c   0x0800247c   0x00000002   Code   RO          134    .text.SVC_Handler   stm32f4xx_it.o
    0x0800247e   0x0800247e   0x00000002   PAD
    0x08002480   0x08002480   0x00000002   Code   RO          140    .text.SysTick_Handler  stm32f4xx_it.o
    0x08002482   0x08002482   0x00000002   PAD
    0x08002484   0x08002484   0x0000007e   Code   RO          621    .text.SystemCoreClockUpdate  system_stm32f4xx.o
    0x08002502   0x08002502   0x00000002   PAD
    0x08002504   0x08002504   0x00000056   Code   RO          619    .text.SystemInit    system_stm32f4xx.o
    0x0800255a   0x0800255a   0x00000002   PAD
    0x0800255c   0x0800255c   0x00000024   Code   RO           61    .text.TIM5_IRQHandler  main.o
    0x08002580   0x08002580   0x00000002   Code   RO          132    .text.UsageFault_Handler  stm32f4xx_it.o
    0x08002582   0x08002582   0x00000002   PAD
    0x08002584   0x08002584   0x0000000c   Code   RO           72    .text._GLOBAL__sub_I_main.c  main.o
    0x08002590   0x08002590   0x00000002   Code   RO         1121    .text._Unwind_Complete  libunwind_wx.l(Unwind-EHABI.cpp.o)
    0x08002592   0x08002592   0x0000000c   Code   RO         1130    .text._Unwind_DeleteException  libunwind_wx.l(Unwind-EHABI.cpp.o)
    0x0800259e   0x0800259e   0x00000018   Code   RO         1126    .text._Unwind_GetLanguageSpecificData  libunwind_wx.l(Unwind-EHABI.cpp.o)
    0x080025b6   0x080025b6   0x00000018   Code   RO         1128    .text._Unwind_GetRegionStart  libunwind_wx.l(Unwind-EHABI.cpp.o)
    0x080025ce   0x080025ce   0x0000007a   Code   RO         1117    .text._Unwind_RaiseException  libunwind_wx.l(Unwind-EHABI.cpp.o)
    0x08002648   0x08002648   0x00000020   Code   RO         1123    .text._Unwind_Resume  libunwind_wx.l(Unwind-EHABI.cpp.o)
    0x08002668   0x08002668   0x00000058   Code   RO         1103    .text._Unwind_VRS_Get  libunwind_wx.l(Unwind-EHABI.cpp.o)
    0x080026c0   0x080026c0   0x0000022c   Code   RO         1101    .text._Unwind_VRS_Interpret  libunwind_wx.l(Unwind-EHABI.cpp.o)
    0x080028ec   0x080028ec   0x000000e6   Code   RO         1107    .text._Unwind_VRS_Pop  libunwind_wx.l(Unwind-EHABI.cpp.o)
    0x080029d2   0x080029d2   0x0000005a   Code   RO         1105    .text._Unwind_VRS_Set  libunwind_wx.l(Unwind-EHABI.cpp.o)
    0x08002a2c   0x08002a2c   0x0000006c   Code   RO           66    .text._Z13initConfigLcdv  main.o
    0x08002a98   0x08002a98   0x000000a8   Code   RO         1119    .text._ZL13unwind_phase2P13unw_context_tP12unw_cursor_tP21_Unwind_Control_Blockb  libunwind_wx.l(Unwind-EHABI.cpp.o)
    0x08002b40   0x08002b40   0x00000004   Code   RO          839    .text._ZN10__cxxabiv116__shim_type_infoD2Ev  libcppabi_wx.l(private_typeinfo.cpp.o)
    0x08002b44   0x08002b44   0x0000000e   Code   RO          855    .text._ZN10__cxxabiv117__class_type_infoD0Ev  libcppabi_wx.l(private_typeinfo.cpp.o)
    0x08002b52   0x08002b52   0x00000020   Code   RO         1635    .text._ZN10__cxxabiv120__free_with_fallbackEPv  libcppabi_wx.l(fallback_malloc.cpp.o)
    0x08002b72   0x08002b72   0x0000000e   Code   RO          857    .text._ZN10__cxxabiv120__si_class_type_infoD0Ev  libcppabi_wx.l(private_typeinfo.cpp.o)
    0x08002b80   0x08002b80   0x0000002a   Code   RO         1629    .text._ZN10__cxxabiv122__calloc_with_fallbackEjj  libcppabi_wx.l(fallback_malloc.cpp.o)
    0x08002baa   0x08002baa   0x0000000e   Code   RO          847    .text._ZN10__cxxabiv123__fundamental_type_infoD0Ev  libcppabi_wx.l(private_typeinfo.cpp.o)
    0x08002bb8   0x08002bb8   0x00000020   Code   RO         1631    .text._ZN10__cxxabiv128__aligned_free_with_fallbackEPv  libcppabi_wx.l(fallback_malloc.cpp.o)
    0x08002bd8   0x08002bd8   0x00000028   Code   RO         1625    .text._ZN10__cxxabiv130__aligned_malloc_with_fallbackEj  libcppabi_wx.l(fallback_malloc.cpp.o)
    0x08002c00   0x08002c00   0x0000039e   Code   RO          825    .text._ZN10__cxxabiv1L11scan_eh_tabERNS_12_GLOBAL__N_112scan_resultsE14_Unwind_ActionbP21_Unwind_Control_BlockP15_Unwind_Context  libcppabi_wx.l(cxa_personality.cpp.o)
    0x08002f9e   0x08002f9e   0x00000010   Code   RO         1326    .text._ZN10__cxxabiv1L12failed_throwEPNS_15__cxa_exceptionE  libcppabi_wx.l(cxa_exception.cpp.o)
    0x08002fae   0x08002fae   0x0000005c   Code   RO          829    .text._ZN10__cxxabiv1L13set_registersEP21_Unwind_Control_BlockP15_Unwind_ContextRKNS_12_GLOBAL__N_112scan_resultsE  libcppabi_wx.l(cxa_personality.cpp.o)
    0x0800300a   0x0800300a   0x0000001a   Code   RO          827    .text._ZN10__cxxabiv1L14call_terminateEbP21_Unwind_Control_Block  libcppabi_wx.l(cxa_personality.cpp.o)
    0x08003024   0x08003024   0x00000142   Code   RO          834    .text._ZN10__cxxabiv1L18readEncodedPointerEPPKhh  libcppabi_wx.l(cxa_personality.cpp.o)
    0x08003166   0x08003166   0x00000016   Code   RO         1324    .text._ZN10__cxxabiv1L22exception_cleanup_funcE19_Unwind_Reason_CodeP21_Unwind_Control_Block  libcppabi_wx.l(cxa_exception.cpp.o)
    0x0800317c   0x0800317c   0x00000044   Code   RO          836    .text._ZN10__cxxabiv1L24exception_spec_can_catchExPKhhPKNS_16__shim_type_infoEPvP21_Unwind_Control_Block  libcppabi_wx.l(cxa_personality.cpp.o)
    0x080031c0   0x080031c0   0x00000022   Code   RO         1354    .text._ZN10__cxxabiv1L27dependent_exception_cleanupE19_Unwind_Reason_CodeP21_Unwind_Control_Block  libcppabi_wx.l(cxa_exception.cpp.o)
    0x080031e2   0x080031e2   0x00000002   PAD
    0x080031e4   0x080031e4   0x00000004   Code   RO          100    .text._ZN11MenuElement19isNeedToHandleEventERK10MenuEvents  main.o
    0x080031e8   0x080031e8   0x0000005e   Code   RO          358    .text._ZN12InputHandler11pollDevicesEv  inputhandler_1.o
    0x08003246   0x08003246   0x00000002   PAD
    0x08003248   0x08003248   0x0000000a   Code   RO          360    .text._ZN12InputHandler15hasPendingEventEv  inputhandler_1.o
    0x08003252   0x08003252   0x00000002   PAD
    0x08003254   0x08003254   0x0000000e   Code   RO          354    .text._ZN12InputHandler9addDeviceEP11InputDevice  inputhandler_1.o
    0x08003262   0x08003262   0x00000002   PAD
    0x08003264   0x08003264   0x00000030   Code   RO          362    .text._ZN12InputHandler9readEventEv  inputhandler_1.o
    0x08003294   0x08003294   0x00000038   Code   RO          352    .text._ZN12InputHandlerC2Ev  inputhandler_1.o
    0x080032cc   0x080032cc   0x0000009c   Code   RO         1633    .text._ZN12_GLOBAL__N_113fallback_freeEPv  libcppabi_wx.l(fallback_malloc.cpp.o)
    0x08003368   0x08003368   0x00000038   Code   RO         1111    .text._ZN12_GLOBAL__N_114unwindOneFrameEjP21_Unwind_Control_BlockP15_Unwind_Context  libunwind_wx.l(Unwind-EHABI.cpp.o)
    0x080033a0   0x080033a0   0x00000092   Code   RO         1627    .text._ZN12_GLOBAL__N_115fallback_mallocEj  libcppabi_wx.l(fallback_malloc.cpp.o)
    0x08003432   0x08003432   0x00000002   PAD
    0x08003434   0x08003434   0x00000008   Code   RO          106    .text._ZN15NextMenuHandler19handleExternalEventEP11MenuElement13ExternalEvent  main.o
    0x0800343c   0x0800343c   0x00000036   Code   RO          340    .text._ZN15PinCofigurationC2EP12GPIO_TypeDefjhjjjj  inputhandler_1.o
    0x08003472   0x08003472   0x00000002   PAD
    0x08003474   0x08003474   0x0000000a   Code   RO          108    .text._ZN15PrevMenuHandler19handleExternalEventEP11MenuElement13ExternalEvent  main.o
    0x0800347e   0x0800347e   0x00000002   PAD
    0x08003480   0x08003480   0x0000013c   Code   RO           43    .text._ZN19MenuElementVariable11handleEventERK10MenuEvents  main.o
    0x080035bc   0x080035bc   0x000000f8   Code   RO           39    .text._ZN19MenuElementVariable12displayValueEv  main.o
    0x080036b4   0x080036b4   0x00000036   Code   RO           37    .text._ZN19MenuElementVariable19isNeedToHandleEventERK10MenuEvents  main.o
    0x080036ea   0x080036ea   0x00000002   PAD
    0x080036ec   0x080036ec   0x00000030   Code   RO           41    .text._ZN19MenuElementVariable7displayEv  main.o
    0x0800371c   0x0800371c   0x00000004   PAD
    0x08003720   0x08003720   0x00000268   Code   RO           49    .text._ZN19MenuElementVariable9decrementEv  main.o
    0x08003988   0x08003988   0x00000258   Code   RO           51    .text._ZN19MenuElementVariable9incrementEv  main.o
    0x08003be0   0x08003be0   0x00000298   Code   RO           31    .text._ZN19MenuElementVariableC2ERK10FixedPointS2_S2_PKcS4_S4_bP20ExternalEventHandler  main.o
    0x08003e78   0x08003e78   0x00000062   Code   RO           27    .text._ZN21MenuElementOptionList11handleEventERK10MenuEvents  main.o
    0x08003eda   0x08003eda   0x00000002   PAD
    0x08003edc   0x08003edc   0x0000001a   Code   RO          102    .text._ZN21MenuElementOptionList19isNeedToHandleEventERK10MenuEvents  main.o
    0x08003ef6   0x08003ef6   0x00000002   PAD
    0x08003ef8   0x08003ef8   0x0000005e   Code   RO           29    .text._ZN21MenuElementOptionList7displayEv  main.o
    0x08003f56   0x08003f56   0x00000002   PAD
    0x08003f58   0x08003f58   0x00000028   Code   RO           19    .text._ZN21MenuElementOptionListC2EPKc  main.o
    0x08003f80   0x08003f80   0x0000003e   Code   RO          104    .text._ZN24MainVoltageChangeHandler19handleExternalEventEP11MenuElement13ExternalEvent  main.o
    0x08003fbe   0x08003fbe   0x00000002   PAD
    0x08003fc0   0x08003fc0   0x00000062   Code   RO           17    .text._ZN4Menu11handleEventERK10MenuEvents  main.o
    0x08004022   0x08004022   0x00000002   PAD
    0x08004024   0x08004024   0x0000000e   Code   RO           98    .text._ZN4Menu7displayEv  main.o
    0x08004032   0x08004032   0x00000002   PAD
    0x08004034   0x08004034   0x0000006a   Code   RO          350    .text._ZN6Button6handleEv  inputhandler_1.o
    0x0800409e   0x0800409e   0x00000002   PAD
    0x080040a0   0x080040a0   0x00000034   Code   RO          348    .text._ZN6ButtonC2ER15PinCofigurationjj  inputhandler_1.o
    0x080040d4   0x080040d4   0x00000064   Code   RO          346    .text._ZN7Encoder6handleEv  inputhandler_1.o
    0x08004138   0x08004138   0x00000038   Code   RO          344    .text._ZN7EncoderC2ER15PinCofigurationS1_  inputhandler_1.o
    0x08004170   0x08004170   0x000001e4   Code   RO          240    .text._ZN9DitherPwm10setVoltageE10FixedPoint  ditherpwm.o
    0x08004354   0x08004354   0x0000009c   Code   RO          234    .text._ZN9DitherPwm10setupTimerEv  ditherpwm.o
    0x080043f0   0x080043f0   0x00000182   Code   RO          244    .text._ZN9DitherPwm12setupByStepsE10FixedPointS0_S0_th  ditherpwm.o
    0x08004572   0x08004572   0x00000002   PAD
    0x08004574   0x08004574   0x00000152   Code   RO          238    .text._ZN9DitherPwm17setupByBasicStepNE10FixedPointS0_tth  ditherpwm.o
    0x080046c6   0x080046c6   0x00000002   PAD
    0x080046c8   0x080046c8   0x00000192   Code   RO          242    .text._ZN9DitherPwm19setupByPreciseStepNE10FixedPointS0_tth  ditherpwm.o
    0x0800485a   0x0800485a   0x00000002   PAD
    0x0800485c   0x0800485c   0x00000012   Code   RO          248    .text._ZN9DitherPwm5startEv  ditherpwm.o
    0x0800486e   0x0800486e   0x00000002   PAD
    0x08004870   0x08004870   0x000000b0   Code   RO          232    .text._ZN9DitherPwm8setupDMAEv  ditherpwm.o
    0x08004920   0x08004920   0x0000005c   Code   RO          222    .text._ZN9DitherPwmC2EP11TIM_TypeDef  ditherpwm.o
    0x0800497c   0x0800497c   0x00000012   Code   RO          230    .text._ZN9DitherPwmD2Ev  ditherpwm.o
    0x0800498e   0x0800498e   0x00000008   Code   RO         1526    .text._ZN9libunwind12UnwindCursorINS_17LocalAddressSpaceENS_13Registers_armEE10saveVFPAsXEv  libunwind_wx.l(libunwind.cpp.o)
    0x08004996   0x08004996   0x00000064   Code   RO         1508    .text._ZN9libunwind12UnwindCursorINS_17LocalAddressSpaceENS_13Registers_armEE11getFloatRegEi  libunwind_wx.l(libunwind.cpp.o)
    0x080049fa   0x080049fa   0x0000006e   Code   RO         1510    .text._ZN9libunwind12UnwindCursorINS_17LocalAddressSpaceENS_13Registers_armEE11setFloatRegEiy  libunwind_wx.l(libunwind.cpp.o)
    0x08004a68   0x08004a68   0x00000006   Code   RO         1518    .text._ZN9libunwind12UnwindCursorINS_17LocalAddressSpaceENS_13Registers_armEE13isSignalFrameEv  libunwind_wx.l(libunwind.cpp.o)
    0x08004a6e   0x08004a6e   0x00000030   Code   RO         1528    .text._ZN9libunwind12UnwindCursorINS_17LocalAddressSpaceENS_13Registers_armEE13stepWithEHABIEv  libunwind_wx.l(libunwind.cpp.o)
    0x08004a9e   0x08004a9e   0x00000010   Code   RO         1506    .text._ZN9libunwind12UnwindCursorINS_17LocalAddressSpaceENS_13Registers_armEE13validFloatRegEi  libunwind_wx.l(libunwind.cpp.o)
    0x08004aae   0x08004aae   0x00000010   Code   RO         1520    .text._ZN9libunwind12UnwindCursorINS_17LocalAddressSpaceENS_13Registers_armEE15getFunctionNameEPcjPj  libunwind_wx.l(libunwind.cpp.o)
    0x08004abe   0x08004abe   0x00000006   Code   RO         1524    .text._ZN9libunwind12UnwindCursorINS_17LocalAddressSpaceENS_13Registers_armEE15getRegisterNameEi  libunwind_wx.l(libunwind.cpp.o)
    0x08004ac4   0x08004ac4   0x00000190   Code   RO         1532    .text._ZN9libunwind12UnwindCursorINS_17LocalAddressSpaceENS_13Registers_armEE23getInfoFromEHABISectionEjRKNS_18UnwindInfoSectionsE  libunwind_wx.l(libunwind.cpp.o)
    0x08004c54   0x08004c54   0x00000046   Code   RO         1522    .text._ZN9libunwind12UnwindCursorINS_17LocalAddressSpaceENS_13Registers_armEE24setInfoBasedOnIPRegisterEb  libunwind_wx.l(libunwind.cpp.o)
    0x08004c9a   0x08004c9a   0x00000052   Code   RO         1512    .text._ZN9libunwind12UnwindCursorINS_17LocalAddressSpaceENS_13Registers_armEE4stepEv  libunwind_wx.l(libunwind.cpp.o)
    0x08004cec   0x08004cec   0x0000003a   Code   RO         1502    .text._ZN9libunwind12UnwindCursorINS_17LocalAddressSpaceENS_13Registers_armEE6getRegEi  libunwind_wx.l(libunwind.cpp.o)
    0x08004d26   0x08004d26   0x00000016   Code   RO         1516    .text._ZN9libunwind12UnwindCursorINS_17LocalAddressSpaceENS_13Registers_armEE6jumptoEv  libunwind_wx.l(libunwind.cpp.o)
    0x08004d3c   0x08004d3c   0x00000038   Code   RO         1504    .text._ZN9libunwind12UnwindCursorINS_17LocalAddressSpaceENS_13Registers_armEE6setRegEij  libunwind_wx.l(libunwind.cpp.o)
    0x08004d74   0x08004d74   0x0000002a   Code   RO         1514    .text._ZN9libunwind12UnwindCursorINS_17LocalAddressSpaceENS_13Registers_armEE7getInfoEP15unw_proc_info_t  libunwind_wx.l(libunwind.cpp.o)
    0x08004d9e   0x08004d9e   0x0000000e   Code   RO         1500    .text._ZN9libunwind12UnwindCursorINS_17LocalAddressSpaceENS_13Registers_armEE8validRegEi  libunwind_wx.l(libunwind.cpp.o)
    0x08004dac   0x08004dac   0x00000002   Code   RO         1498    .text._ZN9libunwind12UnwindCursorINS_17LocalAddressSpaceENS_13Registers_armEED0Ev  libunwind_wx.l(libunwind.cpp.o)
    0x08004dae   0x08004dae   0x00000002   PAD
    0x08004db0   0x08004db0   0x00000394   Code   RO         1536    .text._ZN9libunwind13Registers_arm15getRegisterNameEi  libunwind_wx.l(libunwind.cpp.o)
    0x08005144   0x08005144   0x00000032   Code   RO         1530    .text._ZN9libunwind13Registers_arm26restoreSavedFloatRegistersEv  libunwind_wx.l(libunwind.cpp.o)
    0x08005176   0x08005176   0x00000002   Code   RO         1496    .text._ZN9libunwind20AbstractUnwindCursorD2Ev  libunwind_wx.l(libunwind.cpp.o)
    0x08005178   0x08005178   0x00000002   Code   RO          843    .text._ZNK10__cxxabiv116__shim_type_info5noop1Ev  libcppabi_wx.l(private_typeinfo.cpp.o)
    0x0800517a   0x0800517a   0x00000002   Code   RO          845    .text._ZNK10__cxxabiv116__shim_type_info5noop2Ev  libcppabi_wx.l(private_typeinfo.cpp.o)
    0x0800517c   0x0800517c   0x00000032   Code   RO          917    .text._ZNK10__cxxabiv117__class_type_info16search_above_dstEPNS_19__dynamic_cast_infoEPKvS4_ib  libcppabi_wx.l(private_typeinfo.cpp.o)
    0x080051ae   0x080051ae   0x0000007e   Code   RO          911    .text._ZNK10__cxxabiv117__class_type_info16search_below_dstEPNS_19__dynamic_cast_infoEPKvib  libcppabi_wx.l(private_typeinfo.cpp.o)
    0x0800522c   0x0800522c   0x00000038   Code   RO          879    .text._ZNK10__cxxabiv117__class_type_info27has_unambiguous_public_baseEPNS_19__dynamic_cast_infoEPvi  libcppabi_wx.l(private_typeinfo.cpp.o)
    0x08005264   0x08005264   0x00000060   Code   RO          899    .text._ZNK10__cxxabiv117__class_type_info29process_static_type_above_dstEPNS_19__dynamic_cast_infoEPKvS4_i  libcppabi_wx.l(private_typeinfo.cpp.o)
    0x080052c4   0x080052c4   0x00000072   Code   RO          875    .text._ZNK10__cxxabiv117__class_type_info9can_catchEPKNS_16__shim_type_infoERPv  libcppabi_wx.l(private_typeinfo.cpp.o)
    0x08005336   0x08005336   0x00000050   Code   RO          887    .text._ZNK10__cxxabiv117__pbase_type_info9can_catchEPKNS_16__shim_type_infoERPv  libcppabi_wx.l(private_typeinfo.cpp.o)
    0x08005386   0x08005386   0x00000094   Code   RO          891    .text._ZNK10__cxxabiv119__pointer_type_info16can_catch_nestedEPKNS_16__shim_type_infoE  libcppabi_wx.l(private_typeinfo.cpp.o)
    0x0800541a   0x0800541a   0x00000196   Code   RO          889    .text._ZNK10__cxxabiv119__pointer_type_info9can_catchEPKNS_16__shim_type_infoERPv  libcppabi_wx.l(private_typeinfo.cpp.o)
    0x080055b0   0x080055b0   0x0000004c   Code   RO          915    .text._ZNK10__cxxabiv120__si_class_type_info16search_above_dstEPNS_19__dynamic_cast_infoEPKvS4_ib  libcppabi_wx.l(private_typeinfo.cpp.o)
    0x080055fc   0x080055fc   0x000000d6   Code   RO          909    .text._ZNK10__cxxabiv120__si_class_type_info16search_below_dstEPNS_19__dynamic_cast_infoEPKvib  libcppabi_wx.l(private_typeinfo.cpp.o)
    0x080056d2   0x080056d2   0x00000042   Code   RO          881    .text._ZNK10__cxxabiv120__si_class_type_info27has_unambiguous_public_baseEPNS_19__dynamic_cast_infoEPvi  libcppabi_wx.l(private_typeinfo.cpp.o)
    0x08005714   0x08005714   0x000000fc   Code   RO          913    .text._ZNK10__cxxabiv121__vmi_class_type_info16search_above_dstEPNS_19__dynamic_cast_infoEPKvS4_ib  libcppabi_wx.l(private_typeinfo.cpp.o)
    0x08005810   0x08005810   0x0000000a   Code   RO          867    .text._ZNK10__cxxabiv123__fundamental_type_info9can_catchEPKNS_16__shim_type_infoERPv  libcppabi_wx.l(private_typeinfo.cpp.o)
    0x0800581a   0x0800581a   0x00000046   Code   RO          893    .text._ZNK10__cxxabiv129__pointer_to_member_type_info16can_catch_nestedEPKNS_16__shim_type_infoE  libcppabi_wx.l(private_typeinfo.cpp.o)
    0x08005860   0x08005860   0x000000a0   Code   RO          895    .text._ZNK10__cxxabiv129__pointer_to_member_type_info9can_catchEPKNS_16__shim_type_infoERPv  libcppabi_wx.l(private_typeinfo.cpp.o)
    0x08005900   0x08005900   0x00000018   Code   RO         1401    .text._ZNKSt13bad_exception4whatEv  libcppabi_wx.l(stdlib_exception.cpp.o)
    0x08005918   0x08005918   0x00000018   Code   RO         1419    .text._ZNKSt16bad_array_length4whatEv  libcppabi_wx.l(stdlib_exception.cpp.o)
    0x08005930   0x08005930   0x0000001c   Code   RO         1413    .text._ZNKSt20bad_array_new_length4whatEv  libcppabi_wx.l(stdlib_exception.cpp.o)
    0x0800594c   0x0800594c   0x00000014   Code   RO         1407    .text._ZNKSt9bad_alloc4whatEv  libcppabi_wx.l(stdlib_exception.cpp.o)
    0x08005960   0x08005960   0x00000004   Code   RO         1399    .text._ZNSt13bad_exceptionD0Ev  libcppabi_wx.l(stdlib_exception.cpp.o)
    0x08005964   0x08005964   0x0000000e   Code   RO         1415    .text._ZNSt16bad_array_lengthC2Ev  libcppabi_wx.l(stdlib_exception.cpp.o)
    0x08005972   0x08005972   0x00000004   Code   RO         1417    .text._ZNSt16bad_array_lengthD0Ev  libcppabi_wx.l(stdlib_exception.cpp.o)
    0x08005976   0x08005976   0x0000000e   Code   RO         1409    .text._ZNSt20bad_array_new_lengthC2Ev  libcppabi_wx.l(stdlib_exception.cpp.o)
    0x08005984   0x08005984   0x00000004   Code   RO         1411    .text._ZNSt20bad_array_new_lengthD0Ev  libcppabi_wx.l(stdlib_exception.cpp.o)
    0x08005988   0x08005988   0x0000005a   Code   RO         1534    .text._ZNSt3__113__upper_boundIRNS_6__lessIjjEEN9libunwind20EHABISectionIteratorINS4_17LocalAddressSpaceEEEjEET0_S8_S8_RKT1_T_  libunwind_wx.l(libunwind.cpp.o)
    0x080059e2   0x080059e2   0x0000000e   Code   RO         1403    .text._ZNSt9bad_allocC2Ev  libcppabi_wx.l(stdlib_exception.cpp.o)
    0x080059f0   0x080059f0   0x00000004   Code   RO         1405    .text._ZNSt9bad_allocD0Ev  libcppabi_wx.l(stdlib_exception.cpp.o)
    0x080059f4   0x080059f4   0x00000002   Code   RO         1393    .text._ZNSt9exceptionD2Ev  libcppabi_wx.l(stdlib_exception.cpp.o)
    0x080059f6   0x080059f6   0x00000002   Code   RO         1437    .text._ZNSt9type_infoD2Ev  libcppabi_wx.l(stdlib_typeinfo.cpp.o)
    0x080059f8   0x080059f8   0x00000022   Code   RO         1372    .text._ZSt10unexpectedv  libcppabi_wx.l(cxa_handlers.cpp.o)
    0x08005a1a   0x08005a1a   0x00000002   PAD
    0x08005a1c   0x08005a1c   0x00000080   Code   RO         1376    .text._ZSt11__terminatePFvvE  libcppabi_wx.l(cxa_handlers.cpp.o)
    0x08005a9c   0x08005a9c   0x00000038   Code   RO         1370    .text._ZSt12__unexpectedPFvvE  libcppabi_wx.l(cxa_handlers.cpp.o)
    0x08005ad4   0x08005ad4   0x0000001e   Code   RO         1374    .text._ZSt13get_terminatev  libcppabi_wx.l(cxa_handlers.cpp.o)
    0x08005af2   0x08005af2   0x0000002c   Code   RO         1620    .text._ZSt13set_terminatePFvvE  libcppabi_wx.l(cxa_default_handlers.cpp.o)
    0x08005b1e   0x08005b1e   0x0000001e   Code   RO         1368    .text._ZSt14get_unexpectedv  libcppabi_wx.l(cxa_handlers.cpp.o)
    0x08005b3c   0x08005b3c   0x0000002c   Code   RO         1618    .text._ZSt14set_unexpectedPFvvE  libcppabi_wx.l(cxa_default_handlers.cpp.o)
    0x08005b68   0x08005b68   0x0000001e   Code   RO         1384    .text._ZSt15get_new_handlerv  libcppabi_wx.l(cxa_handlers.cpp.o)
    0x08005b86   0x08005b86   0x00000020   Code   RO         1382    .text._ZSt15set_new_handlerPFvvE  libcppabi_wx.l(cxa_handlers.cpp.o)
    0x08005ba6   0x08005ba6   0x00000002   PAD
    0x08005ba8   0x08005ba8   0x0000005a   Code   RO         1379    .text._ZSt9terminatev  libcppabi_wx.l(cxa_handlers.cpp.o)
    0x08005c02   0x08005c02   0x00000004   Code   RO          791    .text._ZdaPv        libcpp_wx.l(new.cpp.o)
    0x08005c06   0x08005c06   0x00000004   Code   RO          793    .text._ZdaPvRKSt9nothrow_t  libcpp_wx.l(new.cpp.o)
    0x08005c0a   0x08005c0a   0x00000004   Code   RO          795    .text._ZdaPvj       libcpp_wx.l(new.cpp.o)
    0x08005c0e   0x08005c0e   0x0000000a   Code   RO          785    .text._ZdlPv        libcpp_wx.l(new.cpp.o)
    0x08005c18   0x08005c18   0x00000004   Code   RO          787    .text._ZdlPvRKSt9nothrow_t  libcpp_wx.l(new.cpp.o)
    0x08005c1c   0x08005c1c   0x00000004   Code   RO          789    .text._ZdlPvj       libcpp_wx.l(new.cpp.o)
    0x08005c20   0x08005c20   0x00000004   Code   RO          780    .text._Znaj         libcpp_wx.l(new.cpp.o)
    0x08005c24   0x08005c24   0x00000018   Code   RO          782    .text._ZnajRKSt9nothrow_t  libcpp_wx.l(new.cpp.o)
    0x08005c3c   0x08005c3c   0x00000004   Code   RO          802    .text._ZnajSt11align_val_t  libcpp_wx.l(new.cpp.o)
    0x08005c40   0x08005c40   0x00000018   Code   RO          804    .text._ZnajSt11align_val_tRKSt9nothrow_t  libcpp_wx.l(new.cpp.o)
    0x08005c58   0x08005c58   0x0000003e   Code   RO          775    .text._Znwj         libcpp_wx.l(new.cpp.o)
    0x08005c96   0x08005c96   0x00000018   Code   RO          777    .text._ZnwjRKSt9nothrow_t  libcpp_wx.l(new.cpp.o)
    0x08005cae   0x08005cae   0x0000005c   Code   RO          797    .text._ZnwjSt11align_val_t  libcpp_wx.l(new.cpp.o)
    0x08005d0a   0x08005d0a   0x00000018   Code   RO          799    .text._ZnwjSt11align_val_tRKSt9nothrow_t  libcpp_wx.l(new.cpp.o)
    0x08005d22   0x08005d22   0x00000008   Code   RO         1109    .text.__aeabi_unwind_cpp_pr0  libunwind_wx.l(Unwind-EHABI.cpp.o)
    0x08005d2a   0x08005d2a   0x00000008   Code   RO         1113    .text.__aeabi_unwind_cpp_pr1  libunwind_wx.l(Unwind-EHABI.cpp.o)
    0x08005d32   0x08005d32   0x00000008   Code   RO         1115    .text.__aeabi_unwind_cpp_pr2  libunwind_wx.l(Unwind-EHABI.cpp.o)
    0x08005d3a   0x08005d3a   0x00000002   PAD
    0x08005d3c   0x08005d3c   0x0000000a   Code   RO          820    .text.__clang_call_terminate  libcpp_wx.l(new.cpp.o)
    0x08005d46   0x08005d46   0x0000001c   Code   RO         1318    .text.__cxa_allocate_dependent_exception  libcppabi_wx.l(cxa_exception.cpp.o)
    0x08005d62   0x08005d62   0x00000028   Code   RO         1312    .text.__cxa_allocate_exception  libcppabi_wx.l(cxa_exception.cpp.o)
    0x08005d8a   0x08005d8a   0x0000006a   Code   RO         1335    .text.__cxa_begin_catch  libcppabi_wx.l(cxa_exception.cpp.o)
    0x08005df4   0x08005df4   0x00000058   Code   RO         1330    .text.__cxa_begin_cleanup  libcppabi_wx.l(cxa_exception.cpp.o)
    0x08005e4c   0x08005e4c   0x000001a8   Code   RO          831    .text.__cxa_call_unexpected  libcppabi_wx.l(cxa_personality.cpp.o)
    0x08005ff4   0x08005ff4   0x0000003a   Code   RO         1340    .text.__cxa_decrement_exception_refcount  libcppabi_wx.l(cxa_exception.cpp.o)
    0x0800602e   0x0800602e   0x0000007c   Code   RO         1338    .text.__cxa_end_catch  libcppabi_wx.l(cxa_exception.cpp.o)
    0x080060aa   0x080060aa   0x00000058   Code   RO         1333    .text.__cxa_end_cleanup_impl  libcppabi_wx.l(cxa_exception.cpp.o)
    0x08006102   0x08006102   0x0000000a   Code   RO         1362    .text.__cxa_get_globals  libcppabi_wx.l(cxa_exception_storage.cpp.o)
    0x0800610c   0x0800610c   0x0000000a   Code   RO         1364    .text.__cxa_get_globals_fast  libcppabi_wx.l(cxa_exception_storage.cpp.o)
    0x08006116   0x08006116   0x0000005a   Code   RO         1345    .text.__cxa_rethrow  libcppabi_wx.l(cxa_exception.cpp.o)
    0x08006170   0x08006170   0x00000078   Code   RO         1352    .text.__cxa_rethrow_primary_exception  libcppabi_wx.l(cxa_exception.cpp.o)
    0x080061e8   0x080061e8   0x0000005a   Code   RO         1322    .text.__cxa_throw   libcppabi_wx.l(cxa_exception.cpp.o)
    0x08006242   0x08006242   0x000000a6   Code   RO          897    .text.__dynamic_cast  libcppabi_wx.l(private_typeinfo.cpp.o)
    0x080062e8   0x080062e8   0x00000014   Code   RO         1132    .text.__gnu_unwind_frame  libunwind_wx.l(Unwind-EHABI.cpp.o)
    0x080062fc   0x080062fc   0x00000172   Code   RO          823    .text.__gxx_personality_v0  libcppabi_wx.l(cxa_personality.cpp.o)
    0x0800646e   0x0800646e   0x00000006   Code   RO         1615    .text.abort_message  libcppabi_wx.l(abort_message.cpp.o)
    0x08006474   0x08006474   0x00000052   Code   RO         1099    .text.decode_eht_entry  libunwind_wx.l(Unwind-EHABI.cpp.o)
    0x080064c6   0x080064c6   0x00000002   PAD
    0x080064c8   0x080064c8   0x000000c8   Code   RO          199    .text.delayUs       lcd.o
    0x08006590   0x08006590   0x00000044   Code   RO          295    .text.enableDMAClock  functions.o
    0x080065d4   0x080065d4   0x00000080   Code   RO          291    .text.enableGPIOClock  functions.o
    0x08006654   0x08006654   0x000000ae   Code   RO          293    .text.enableTIMClock  functions.o
    0x08006702   0x08006702   0x00000002   PAD
    0x08006704   0x08006704   0x000000ce   Code   RO          297    .text.enableTIMGPIOClock  functions.o
    0x080067d2   0x080067d2   0x00000002   PAD
    0x080067d4   0x080067d4   0x00000058   Code   RO          307    .text.getTimerCh1Af  functions.o
    0x0800682c   0x0800682c   0x00000056   Code   RO          305    .text.getTimerCh1Pin  functions.o
    0x08006882   0x08006882   0x00000002   PAD
    0x08006884   0x08006884   0x00000054   Code   RO          303    .text.getTimerDma   functions.o
    0x080068d8   0x080068d8   0x00000056   Code   RO          299    .text.getTimerDmaChannel  functions.o
    0x0800692e   0x0800692e   0x00000002   PAD
    0x08006930   0x08006930   0x00000058   Code   RO          301    .text.getTimerDmaStream  functions.o
    0x08006988   0x08006988   0x0000005a   Code   RO          152    .text.initLeds      leds.o
    0x080069e2   0x080069e2   0x00000006   PAD
    0x080069e8   0x080069e8   0x00000088   Code   RO          187    .text.lcdClr        lcd.o
    0x08006a70   0x08006a70   0x00000006   Code   RO          183    .text.lcdCommand    lcd.o
    0x08006a76   0x08006a76   0x00000002   PAD
    0x08006a78   0x08006a78   0x00000008   Code   RO          207    .text.lcdDisableCursor  lcd.o
    0x08006a80   0x08006a80   0x00000008   Code   RO          205    .text.lcdEnableCursor  lcd.o
    0x08006a88   0x08006a88   0x00000010   Code   RO          193    .text.lcdGoTo       lcd.o
    0x08006a98   0x08006a98   0x00000398   Code   RO          195    .text.lcdInit       lcd.o
    0x08006e30   0x08006e30   0x00000048   Code   RO          203    .text.lcdPrintf     lcd.o
    0x08006e78   0x08006e78   0x00000006   Code   RO          191    .text.lcdPutc       lcd.o
    0x08006e7e   0x08006e7e   0x00000002   PAD
    0x08006e80   0x08006e80   0x0000001e   Code   RO          197    .text.lcdPuts       lcd.o
    0x08006e9e   0x08006e9e   0x00000002   PAD
    0x08006ea0   0x08006ea0   0x0000000e   Code   RO          177    .text.lcdSetupBusWidth  lcd.o
    0x08006eae   0x08006eae   0x00000002   PAD
    0x08006eb0   0x08006eb0   0x00000016   Code   RO          175    .text.lcdSetupControlPin  lcd.o
    0x08006ec6   0x08006ec6   0x00000002   PAD
    0x08006ec8   0x08006ec8   0x00000014   Code   RO          173    .text.lcdSetupDataPin  lcd.o
    0x08006edc   0x08006edc   0x0000000e   Code   RO          179    .text.lcdSetupRwLine  lcd.o
    0x08006eea   0x08006eea   0x00000002   PAD
    0x08006eec   0x08006eec   0x0000000e   Code   RO          181    .text.lcdSetupWaitMode  lcd.o
    0x08006efa   0x08006efa   0x00000002   PAD
    0x08006efc   0x08006efc   0x0000000a   Code   RO          171    .text.lcdStructure  lcd.o
    0x08006f06   0x08006f06   0x00000002   PAD
    0x08006f08   0x08006f08   0x00000168   Code   RO          185    .text.lcdWrite      lcd.o
    0x08007070   0x08007070   0x0000002a   Code   RO          156    .text.ledOn         leds.o
    0x0800709a   0x0800709a   0x00000002   PAD
    0x0800709c   0x0800709c   0x0000003a   Code   RO          158    .text.ledToggle     leds.o
    0x080070d6   0x080070d6   0x00000002   PAD
    0x080070d8   0x080070d8   0x00000e0c   Code   RO           63    .text.main          main.o
    0x08007ee4   0x08007ee4   0x0000005a   Code   RO          309    .text.stringcopy    functions.o
    0x08007f3e   0x08007f3e   0x0000002e   Code   RO         1473    .text.unw_get_fpreg  libunwind_wx.l(libunwind.cpp.o)
    0x08007f6c   0x08007f6c   0x0000001e   Code   RO         1479    .text.unw_get_proc_info  libunwind_wx.l(libunwind.cpp.o)
    0x08007f8a   0x08007f8a   0x0000002c   Code   RO         1469    .text.unw_get_reg   libunwind_wx.l(libunwind.cpp.o)
    0x08007fb6   0x08007fb6   0x00000046   Code   RO         1467    .text.unw_init_local  libunwind_wx.l(libunwind.cpp.o)
    0x08007ffc   0x08007ffc   0x00000012   Code   RO         1481    .text.unw_resume    libunwind_wx.l(libunwind.cpp.o)
    0x0800800e   0x0800800e   0x00000006   Code   RO         1491    .text.unw_save_vfp_as_X  libunwind_wx.l(libunwind.cpp.o)
    0x08008014   0x08008014   0x00000036   Code   RO         1475    .text.unw_set_fpreg  libunwind_wx.l(libunwind.cpp.o)
    0x0800804a   0x0800804a   0x00000040   Code   RO         1471    .text.unw_set_reg   libunwind_wx.l(libunwind.cpp.o)
    0x0800808a   0x0800808a   0x00000006   Code   RO         1477    .text.unw_step      libunwind_wx.l(libunwind.cpp.o)
    0x08008090   0x08008090   0x0000003e   Code   RO         1663    CL$$btod_d2e        c_w.l(btod.o)
    0x080080ce   0x080080ce   0x00000046   Code   RO         1665    CL$$btod_d2e_denorm_low  c_w.l(btod.o)
    0x08008114   0x08008114   0x00000060   Code   RO         1664    CL$$btod_d2e_norm_op1  c_w.l(btod.o)
    0x08008174   0x08008174   0x00000338   Code   RO         1673    CL$$btod_div_common  c_w.l(btod.o)
    0x080084ac   0x080084ac   0x000000dc   Code   RO         1670    CL$$btod_e2e        c_w.l(btod.o)
    0x08008588   0x08008588   0x0000002a   Code   RO         1667    CL$$btod_ediv       c_w.l(btod.o)
    0x080085b2   0x080085b2   0x0000002a   Code   RO         1666    CL$$btod_emul       c_w.l(btod.o)
    0x080085dc   0x080085dc   0x00000244   Code   RO         1672    CL$$btod_mult_common  c_w.l(btod.o)
    0x08008820   0x08008820   0x00000030   Code   RO         1714    i.__ARM_fpclassify  m_wm.l(fpclassify.o)
    0x08008850   0x08008850   0x0000000e   Code   RO          722    i._is_digit         c_w.l(__printf_wp.o)
    0x0800885e   0x0800885e   0x00000002   PAD
    0x08008860   0x08008860   0x0000002c   Code   RO         1688    locale$$code        c_w.l(lc_numeric_c.o)
    0x0800888c   0x0800888c   0x0000002c   Code   RO         1725    locale$$code        c_w.l(lc_ctype_c.o)
    0x080088b8   0x080088b8   0x00000150   Code   RO          748    x$fpl$dadd          fz_wm.l(daddsub_clz.o)
    0x08008a08   0x08008a08   0x00000018   Code   RO         1610    x$fpl$dcmpinf       fz_wm.l(dcmpi.o)
    0x08008a20   0x08008a20   0x000002b0   Code   RO          757    x$fpl$ddiv          fz_wm.l(ddiv.o)
    0x08008cd0   0x08008cd0   0x00000078   Code   RO         1291    x$fpl$deqf          fz_wm.l(deqf.o)
    0x08008d48   0x08008d48   0x0000005a   Code   RO          760    x$fpl$dfixu         fz_wm.l(dfixu.o)
    0x08008da2   0x08008da2   0x00000026   Code   RO          764    x$fpl$dfltu         fz_wm.l(dflt_clz.o)
    0x08008dc8   0x08008dc8   0x00000078   Code   RO         1293    x$fpl$dgeqf         fz_wm.l(dgeqf.o)
    0x08008e40   0x08008e40   0x00000078   Code   RO         1295    x$fpl$dleqf         fz_wm.l(dleqf.o)
    0x08008eb8   0x08008eb8   0x00000154   Code   RO          770    x$fpl$dmul          fz_wm.l(dmul.o)
    0x0800900c   0x0800900c   0x0000009c   Code   RO         1297    x$fpl$dnaninf       fz_wm.l(dnaninf.o)
    0x080090a8   0x080090a8   0x0000000c   Code   RO         1299    x$fpl$dretinf       fz_wm.l(dretinf.o)
    0x080090b4   0x080090b4   0x000001d4   Code   RO          750    x$fpl$dsub          fz_wm.l(daddsub_clz.o)
    0x08009288   0x08009288   0x00000054   Code   RO          754    x$fpl$fcmp          fz_wm.l(dcmp.o)
    0x080092dc   0x080092dc   0x0000001a   Code   RO         1612    x$fpl$fpinit        fz_wm.l(fpinit.o)
    0x080092f6   0x080092f6   0x00000004   Code   RO         1301    x$fpl$printf1       fz_wm.l(printf1.o)
    0x080092fa   0x080092fa   0x00000004   Code   RO         1303    x$fpl$printf2       fz_wm.l(printf2.o)
    0x080092fe   0x080092fe   0x00000000   Code   RO         1309    x$fpl$usenofp       fz_wm.l(usenofp.o)
    0x080092fe   0x080092fe   0x00000002   PAD
    0x08009300   0x08009300   0x0000000c   Data   RO         1124    .ARM.extab.text._Unwind_Resume  libunwind_wx.l(Unwind-EHABI.cpp.o)
    0x0800930c   0x0800930c   0x00000048   Data   RO         1377    .ARM.extab.text._ZSt11__terminatePFvvE  libcppabi_wx.l(cxa_handlers.cpp.o)
    0x08009354   0x08009354   0x00000020   Data   RO         1380    .ARM.extab.text._ZSt9terminatev  libcppabi_wx.l(cxa_handlers.cpp.o)
    0x08009374   0x08009374   0x0000003c   Data   RO          783    .ARM.extab.text._ZnajRKSt9nothrow_t  libcpp_wx.l(new.cpp.o)
    0x080093b0   0x080093b0   0x0000003c   Data   RO          805    .ARM.extab.text._ZnajSt11align_val_tRKSt9nothrow_t  libcpp_wx.l(new.cpp.o)
    0x080093ec   0x080093ec   0x0000003c   Data   RO          778    .ARM.extab.text._ZnwjRKSt9nothrow_t  libcpp_wx.l(new.cpp.o)
    0x08009428   0x08009428   0x0000003c   Data   RO          800    .ARM.extab.text._ZnwjSt11align_val_tRKSt9nothrow_t  libcpp_wx.l(new.cpp.o)
    0x08009464   0x08009464   0x00000030   Data   RO         1313    .ARM.extab.text.__cxa_allocate_exception  libcppabi_wx.l(cxa_exception.cpp.o)
    0x08009494   0x08009494   0x00000030   Data   RO         1336    .ARM.extab.text.__cxa_begin_catch  libcppabi_wx.l(cxa_exception.cpp.o)
    0x080094c4   0x080094c4   0x00000030   Data   RO         1331    .ARM.extab.text.__cxa_begin_cleanup  libcppabi_wx.l(cxa_exception.cpp.o)
    0x080094f4   0x080094f4   0x000000a4   Data   RO          832    .ARM.extab.text.__cxa_call_unexpected  libcppabi_wx.l(cxa_personality.cpp.o)
    0x08009598   0x08009598   0x0000003c   Data   RO         1341    .ARM.extab.text.__cxa_decrement_exception_refcount  libcppabi_wx.l(cxa_exception.cpp.o)
    0x080095d4   0x080095d4   0x0000018c   Data   RO           64    .ARM.extab.text.main  main.o
    0x08009760   0x08009760   0x00000011   Data   RO          730    .constdata          c_w.l(__printf_flags_ss_wp.o)
    0x08009771   0x08009771   0x00000003   PAD
    0x08009774   0x08009774   0x00000008   Data   RO         1185    .constdata          c_w.l(_printf_wctomb.o)
    0x0800977c   0x0800977c   0x00000028   Data   RO         1214    .constdata          c_w.l(_printf_hex_int_ll_ptr.o)
    0x080097a4   0x080097a4   0x00000026   Data   RO         1583    .constdata          c_w.l(_printf_fp_hex.o)
    0x080097ca   0x080097ca   0x00000002   PAD
    0x080097cc   0x080097cc   0x00000094   Data   RO         1661    .constdata          c_w.l(bigflt0.o)
    0x08009860   0x08009860   0x00000010   Data   RO          624    .rodata.AHBPrescTable  system_stm32f4xx.o
    0x08009870   0x08009870   0x00000008   Data   RO          385    .rodata._ZTI11InputDevice  inputhandler_1.o
    0x08009878   0x08009878   0x00000008   Data   RO          111    .rodata._ZTI11MenuElement  main.o
    0x08009880   0x08009880   0x0000000c   Data   RO          119    .rodata._ZTI15NextMenuHandler  main.o
    0x0800988c   0x0800988c   0x0000000c   Data   RO          122    .rodata._ZTI15PrevMenuHandler  main.o
    0x08009898   0x08009898   0x0000000c   Data   RO           80    .rodata._ZTI19MenuElementVariable  main.o
    0x080098a4   0x080098a4   0x00000008   Data   RO          115    .rodata._ZTI20ExternalEventHandler  main.o
    0x080098ac   0x080098ac   0x0000000c   Data   RO           85    .rodata._ZTI21MenuElementOptionList  main.o
    0x080098b8   0x080098b8   0x0000000c   Data   RO          116    .rodata._ZTI24MainVoltageChangeHandler  main.o
    0x080098c4   0x080098c4   0x0000000c   Data   RO           83    .rodata._ZTI4Menu   main.o
    0x080098d0   0x080098d0   0x0000000c   Data   RO          373    .rodata._ZTI6Button  inputhandler_1.o
    0x080098dc   0x080098dc   0x0000000c   Data   RO          371    .rodata._ZTI7Encoder  inputhandler_1.o
    0x080098e8   0x080098e8   0x00000008   Data   RO          944    .rodata._ZTIDn      libcppabi_wx.l(private_typeinfo.cpp.o)
    0x080098f0   0x080098f0   0x0000000c   Data   RO          920    .rodata._ZTIN10__cxxabiv116__shim_type_infoE  libcppabi_wx.l(private_typeinfo.cpp.o)
    0x080098fc   0x080098fc   0x0000000c   Data   RO          922    .rodata._ZTIN10__cxxabiv117__class_type_infoE  libcppabi_wx.l(private_typeinfo.cpp.o)
    0x08009908   0x08009908   0x0000000c   Data   RO          924    .rodata._ZTIN10__cxxabiv117__pbase_type_infoE  libcppabi_wx.l(private_typeinfo.cpp.o)
    0x08009914   0x08009914   0x0000000c   Data   RO          926    .rodata._ZTIN10__cxxabiv119__pointer_type_infoE  libcppabi_wx.l(private_typeinfo.cpp.o)
    0x08009920   0x08009920   0x0000000c   Data   RO          928    .rodata._ZTIN10__cxxabiv120__function_type_infoE  libcppabi_wx.l(private_typeinfo.cpp.o)
    0x0800992c   0x0800992c   0x0000000c   Data   RO         1091    .rodata._ZTIN10__cxxabiv120__si_class_type_infoE  libcppabi_wx.l(private_typeinfo.cpp.o)
    0x08009938   0x08009938   0x0000000c   Data   RO          936    .rodata._ZTIN10__cxxabiv123__fundamental_type_infoE  libcppabi_wx.l(private_typeinfo.cpp.o)
    0x08009944   0x08009944   0x0000000c   Data   RO          930    .rodata._ZTIN10__cxxabiv129__pointer_to_member_type_infoE  libcppabi_wx.l(private_typeinfo.cpp.o)
    0x08009950   0x08009950   0x0000000c   Data   RO         1429    .rodata._ZTISt13bad_exception  libcppabi_wx.l(stdlib_exception.cpp.o)
    0x0800995c   0x0800995c   0x0000000c   Data   RO         1433    .rodata._ZTISt16bad_array_length  libcppabi_wx.l(stdlib_exception.cpp.o)
    0x08009968   0x08009968   0x0000000c   Data   RO         1435    .rodata._ZTISt20bad_array_new_length  libcppabi_wx.l(stdlib_exception.cpp.o)
    0x08009974   0x08009974   0x0000000c   Data   RO         1432    .rodata._ZTISt9bad_alloc  libcppabi_wx.l(stdlib_exception.cpp.o)
    0x08009980   0x08009980   0x00000008   Data   RO         1426    .rodata._ZTISt9exception  libcppabi_wx.l(stdlib_exception.cpp.o)
    0x08009988   0x08009988   0x00000008   Data   RO         1461    .rodata._ZTISt9type_info  libcppabi_wx.l(stdlib_typeinfo.cpp.o)
    0x08009990   0x08009990   0x00000008   Data   RO          938    .rodata._ZTIv       libcppabi_wx.l(private_typeinfo.cpp.o)
    0x08009998   0x08009998   0x0000000e   Data   RO          384    .rodata._ZTS11InputDevice  inputhandler_1.o
    0x080099a6   0x080099a6   0x0000000e   Data   RO          110    .rodata._ZTS11MenuElement  main.o
    0x080099b4   0x080099b4   0x0000000c   PAD
    0x080099c0   0x080099c0   0x00000012   Data   RO          118    .rodata._ZTS15NextMenuHandler  main.o
    0x080099d2   0x080099d2   0x0000000e   PAD
    0x080099e0   0x080099e0   0x00000012   Data   RO          121    .rodata._ZTS15PrevMenuHandler  main.o
    0x080099f2   0x080099f2   0x0000000e   PAD
    0x08009a00   0x08009a00   0x00000016   Data   RO           79    .rodata._ZTS19MenuElementVariable  main.o
    0x08009a16   0x08009a16   0x0000000a   PAD
    0x08009a20   0x08009a20   0x00000017   Data   RO          114    .rodata._ZTS20ExternalEventHandler  main.o
    0x08009a37   0x08009a37   0x00000009   PAD
    0x08009a40   0x08009a40   0x00000018   Data   RO           84    .rodata._ZTS21MenuElementOptionList  main.o
    0x08009a58   0x08009a58   0x00000008   PAD
    0x08009a60   0x08009a60   0x0000001b   Data   RO          113    .rodata._ZTS24MainVoltageChangeHandler  main.o
    0x08009a7b   0x08009a7b   0x00000006   Data   RO           82    .rodata._ZTS4Menu   main.o
    0x08009a81   0x08009a81   0x00000008   Data   RO          372    .rodata._ZTS6Button  inputhandler_1.o
    0x08009a89   0x08009a89   0x00000009   Data   RO          370    .rodata._ZTS7Encoder  inputhandler_1.o
    0x08009a92   0x08009a92   0x00000003   Data   RO          943    .rodata._ZTSDn      libcppabi_wx.l(private_typeinfo.cpp.o)
    0x08009a95   0x08009a95   0x0000000b   PAD
    0x08009aa0   0x08009aa0   0x00000021   Data   RO          919    .rodata._ZTSN10__cxxabiv116__shim_type_infoE  libcppabi_wx.l(private_typeinfo.cpp.o)
    0x08009ac1   0x08009ac1   0x0000000f   PAD
    0x08009ad0   0x08009ad0   0x00000022   Data   RO          921    .rodata._ZTSN10__cxxabiv117__class_type_infoE  libcppabi_wx.l(private_typeinfo.cpp.o)
    0x08009af2   0x08009af2   0x0000000e   PAD
    0x08009b00   0x08009b00   0x00000022   Data   RO          923    .rodata._ZTSN10__cxxabiv117__pbase_type_infoE  libcppabi_wx.l(private_typeinfo.cpp.o)
    0x08009b22   0x08009b22   0x0000000e   PAD
    0x08009b30   0x08009b30   0x00000024   Data   RO          925    .rodata._ZTSN10__cxxabiv119__pointer_type_infoE  libcppabi_wx.l(private_typeinfo.cpp.o)
    0x08009b54   0x08009b54   0x0000000c   PAD
    0x08009b60   0x08009b60   0x00000025   Data   RO          927    .rodata._ZTSN10__cxxabiv120__function_type_infoE  libcppabi_wx.l(private_typeinfo.cpp.o)
    0x08009b85   0x08009b85   0x0000000b   PAD
    0x08009b90   0x08009b90   0x00000025   Data   RO         1090    .rodata._ZTSN10__cxxabiv120__si_class_type_infoE  libcppabi_wx.l(private_typeinfo.cpp.o)
    0x08009bb5   0x08009bb5   0x0000000b   PAD
    0x08009bc0   0x08009bc0   0x00000028   Data   RO          935    .rodata._ZTSN10__cxxabiv123__fundamental_type_infoE  libcppabi_wx.l(private_typeinfo.cpp.o)
    0x08009be8   0x08009be8   0x00000008   PAD
    0x08009bf0   0x08009bf0   0x0000002e   Data   RO          929    .rodata._ZTSN10__cxxabiv129__pointer_to_member_type_infoE  libcppabi_wx.l(private_typeinfo.cpp.o)
    0x08009c1e   0x08009c1e   0x00000002   PAD
    0x08009c20   0x08009c20   0x00000012   Data   RO         1428    .rodata._ZTSSt13bad_exception  libcppabi_wx.l(stdlib_exception.cpp.o)
    0x08009c32   0x08009c32   0x0000000e   PAD
    0x08009c40   0x08009c40   0x00000015   Data   RO         1430    .rodata._ZTSSt16bad_array_length  libcppabi_wx.l(stdlib_exception.cpp.o)
    0x08009c55   0x08009c55   0x0000000b   PAD
    0x08009c60   0x08009c60   0x00000019   Data   RO         1434    .rodata._ZTSSt20bad_array_new_length  libcppabi_wx.l(stdlib_exception.cpp.o)
    0x08009c79   0x08009c79   0x0000000d   Data   RO         1431    .rodata._ZTSSt9bad_alloc  libcppabi_wx.l(stdlib_exception.cpp.o)
    0x08009c86   0x08009c86   0x0000000d   Data   RO         1425    .rodata._ZTSSt9exception  libcppabi_wx.l(stdlib_exception.cpp.o)
    0x08009c93   0x08009c93   0x0000000d   Data   RO         1460    .rodata._ZTSSt9type_info  libcppabi_wx.l(stdlib_typeinfo.cpp.o)
    0x08009ca0   0x08009ca0   0x00000002   Data   RO          937    .rodata._ZTSv       libcppabi_wx.l(private_typeinfo.cpp.o)
    0x08009ca2   0x08009ca2   0x00000002   PAD
    0x08009ca4   0x08009ca4   0x0000000c   Data   RO          117    .rodata._ZTV15NextMenuHandler  main.o
    0x08009cb0   0x08009cb0   0x0000000c   Data   RO          120    .rodata._ZTV15PrevMenuHandler  main.o
    0x08009cbc   0x08009cbc   0x00000014   Data   RO           75    .rodata._ZTV19MenuElementVariable  main.o
    0x08009cd0   0x08009cd0   0x00000014   Data   RO           74    .rodata._ZTV21MenuElementOptionList  main.o
    0x08009ce4   0x08009ce4   0x0000000c   Data   RO          112    .rodata._ZTV24MainVoltageChangeHandler  main.o
    0x08009cf0   0x08009cf0   0x00000014   Data   RO           81    .rodata._ZTV4Menu   main.o
    0x08009d04   0x08009d04   0x0000000c   Data   RO          369    .rodata._ZTV6Button  inputhandler_1.o
    0x08009d10   0x08009d10   0x0000000c   Data   RO          368    .rodata._ZTV7Encoder  inputhandler_1.o
    0x08009d1c   0x08009d1c   0x00000028   Data   RO         1088    .rodata._ZTVN10__cxxabiv117__class_type_infoE  libcppabi_wx.l(private_typeinfo.cpp.o)
    0x08009d44   0x08009d44   0x00000028   Data   RO         1089    .rodata._ZTVN10__cxxabiv120__si_class_type_infoE  libcppabi_wx.l(private_typeinfo.cpp.o)
    0x08009d6c   0x08009d6c   0x0000001c   Data   RO          934    .rodata._ZTVN10__cxxabiv123__fundamental_type_infoE  libcppabi_wx.l(private_typeinfo.cpp.o)
    0x08009d88   0x08009d88   0x00000048   Data   RO         1538    .rodata._ZTVN9libunwind12UnwindCursorINS_17LocalAddressSpaceENS_13Registers_armEEE  libunwind_wx.l(libunwind.cpp.o)
    0x08009dd0   0x08009dd0   0x00000014   Data   RO         1427    .rodata._ZTVSt13bad_exception  libcppabi_wx.l(stdlib_exception.cpp.o)
    0x08009de4   0x08009de4   0x00000014   Data   RO         1423    .rodata._ZTVSt16bad_array_length  libcppabi_wx.l(stdlib_exception.cpp.o)
    0x08009df8   0x08009df8   0x00000014   Data   RO         1422    .rodata._ZTVSt20bad_array_new_length  libcppabi_wx.l(stdlib_exception.cpp.o)
    0x08009e0c   0x08009e0c   0x00000014   Data   RO         1421    .rodata._ZTVSt9bad_alloc  libcppabi_wx.l(stdlib_exception.cpp.o)
    0x08009e20   0x08009e20   0x00000008   Data   RO          931    .rodata._ZZNK10__cxxabiv129__pointer_to_member_type_info9can_catchEPKNS_16__shim_type_infoERPvE12null_ptr_rep  libcppabi_wx.l(private_typeinfo.cpp.o)
    0x08009e28   0x08009e28   0x00000004   Data   RO          932    .rodata._ZZNK10__cxxabiv129__pointer_to_member_type_info9can_catchEPKNS_16__shim_type_infoERPvE12null_ptr_rep_0  libcppabi_wx.l(private_typeinfo.cpp.o)
    0x08009e2c   0x08009e2c   0x00000008   Data   RO          427    .rodata.cst8        stm32f4xx_ll_dma.o
    0x08009e34   0x08009e34   0x00000014   Data   RO          210    .rodata.lcdInit.Addr  lcd.o
    0x08009e48   0x08009e48   0x0000002a   Data   RO           76    .rodata.str1.1      main.o
    0x08009e72   0x08009e72   0x00000003   Data   RO         1495    .rodata.str1.1      libunwind_wx.l(libunwind.cpp.o)
    0x08009e75   0x08009e75   0x00000003   PAD
    0x08009e78   0x08009e78   0x00000020   Data   RO         1779    Region$$Table       anon$$obj.o
    0x08009e98   0x08009e98   0x0000001c   Data   RO         1687    locale$$data        c_w.l(lc_numeric_c.o)
    0x08009eb4   0x08009eb4   0x00000110   Data   RO         1724    locale$$data        c_w.l(lc_ctype_c.o)
    0x08009fc4   0x08009fc4   0x00000004   Data   RO           86    .init_array         main.o
    0x08009fc8   0x08009fc4   0x00000000   Data   RO          743    .init_array         c_w.l(init_aeabi.o)
    0x08009fc8   0x08009fc4   0x00000008   Data   RO         1565    .ARM.exidx          c_w.l(__rtentry4.o)
    0x08009fd0   0x08009fc4   0x00000008   Data   RO           62    .ARM.exidx.text.TIM5_IRQHandler  main.o
    0x08009fd8   0x08009fc4   0x00000008   Data   RO          133    .ARM.exidx.text.UsageFault_Handler  stm32f4xx_it.o
    0x08009fe0   0x08009fc4   0x00000008   Data   RO           73    .ARM.exidx.text._GLOBAL__sub_I_main.c  main.o
    0x08009fe8   0x08009fc4   0x00000008   Data   RO         1127    .ARM.exidx.text._Unwind_GetLanguageSpecificData  libunwind_wx.l(Unwind-EHABI.cpp.o)
    0x08009ff0   0x08009fc4   0x00000008   Data   RO         1118    .ARM.exidx.text._Unwind_RaiseException  libunwind_wx.l(Unwind-EHABI.cpp.o)
    0x08009ff8   0x08009fc4   0x00000008   Data   RO         1125    .ARM.exidx.text._Unwind_Resume  libunwind_wx.l(Unwind-EHABI.cpp.o)
    0x0800a000   0x08009fc4   0x00000008   Data   RO         1104    .ARM.exidx.text._Unwind_VRS_Get  libunwind_wx.l(Unwind-EHABI.cpp.o)
    0x0800a008   0x08009fc4   0x00000008   Data   RO         1102    .ARM.exidx.text._Unwind_VRS_Interpret  libunwind_wx.l(Unwind-EHABI.cpp.o)
    0x0800a010   0x08009fc4   0x00000008   Data   RO         1108    .ARM.exidx.text._Unwind_VRS_Pop  libunwind_wx.l(Unwind-EHABI.cpp.o)
    0x0800a018   0x08009fc4   0x00000008   Data   RO         1106    .ARM.exidx.text._Unwind_VRS_Set  libunwind_wx.l(Unwind-EHABI.cpp.o)
    0x0800a020   0x08009fc4   0x00000008   Data   RO           67    .ARM.exidx.text._Z13initConfigLcdv  main.o
    0x0800a028   0x08009fc4   0x00000008   Data   RO         1120    .ARM.exidx.text._ZL13unwind_phase2P13unw_context_tP12unw_cursor_tP21_Unwind_Control_Blockb  libunwind_wx.l(Unwind-EHABI.cpp.o)
    0x0800a030   0x08009fc4   0x00000008   Data   RO          840    .ARM.exidx.text._ZN10__cxxabiv116__shim_type_infoD2Ev  libcppabi_wx.l(private_typeinfo.cpp.o)
    0x0800a038   0x08009fc4   0x00000008   Data   RO          856    .ARM.exidx.text._ZN10__cxxabiv117__class_type_infoD0Ev  libcppabi_wx.l(private_typeinfo.cpp.o)
    0x0800a040   0x08009fc4   0x00000008   Data   RO         1636    .ARM.exidx.text._ZN10__cxxabiv120__free_with_fallbackEPv  libcppabi_wx.l(fallback_malloc.cpp.o)
    0x0800a048   0x08009fc4   0x00000008   Data   RO          858    .ARM.exidx.text._ZN10__cxxabiv120__si_class_type_infoD0Ev  libcppabi_wx.l(private_typeinfo.cpp.o)
    0x0800a050   0x08009fc4   0x00000008   Data   RO         1630    .ARM.exidx.text._ZN10__cxxabiv122__calloc_with_fallbackEjj  libcppabi_wx.l(fallback_malloc.cpp.o)
    0x0800a058   0x08009fc4   0x00000008   Data   RO          848    .ARM.exidx.text._ZN10__cxxabiv123__fundamental_type_infoD0Ev  libcppabi_wx.l(private_typeinfo.cpp.o)
    0x0800a060   0x08009fc4   0x00000008   Data   RO         1632    .ARM.exidx.text._ZN10__cxxabiv128__aligned_free_with_fallbackEPv  libcppabi_wx.l(fallback_malloc.cpp.o)
    0x0800a068   0x08009fc4   0x00000008   Data   RO         1626    .ARM.exidx.text._ZN10__cxxabiv130__aligned_malloc_with_fallbackEj  libcppabi_wx.l(fallback_malloc.cpp.o)
    0x0800a070   0x08009fc4   0x00000008   Data   RO          826    .ARM.exidx.text._ZN10__cxxabiv1L11scan_eh_tabERNS_12_GLOBAL__N_112scan_resultsE14_Unwind_ActionbP21_Unwind_Control_BlockP15_Unwind_Context  libcppabi_wx.l(cxa_personality.cpp.o)
    0x0800a078   0x08009fc4   0x00000008   Data   RO         1327    .ARM.exidx.text._ZN10__cxxabiv1L12failed_throwEPNS_15__cxa_exceptionE  libcppabi_wx.l(cxa_exception.cpp.o)
    0x0800a080   0x08009fc4   0x00000008   Data   RO          830    .ARM.exidx.text._ZN10__cxxabiv1L13set_registersEP21_Unwind_Control_BlockP15_Unwind_ContextRKNS_12_GLOBAL__N_112scan_resultsE  libcppabi_wx.l(cxa_personality.cpp.o)
    0x0800a088   0x08009fc4   0x00000008   Data   RO          828    .ARM.exidx.text._ZN10__cxxabiv1L14call_terminateEbP21_Unwind_Control_Block  libcppabi_wx.l(cxa_personality.cpp.o)
    0x0800a090   0x08009fc4   0x00000008   Data   RO          835    .ARM.exidx.text._ZN10__cxxabiv1L18readEncodedPointerEPPKhh  libcppabi_wx.l(cxa_personality.cpp.o)
    0x0800a098   0x08009fc4   0x00000008   Data   RO         1325    .ARM.exidx.text._ZN10__cxxabiv1L22exception_cleanup_funcE19_Unwind_Reason_CodeP21_Unwind_Control_Block  libcppabi_wx.l(cxa_exception.cpp.o)
    0x0800a0a0   0x08009fc4   0x00000008   Data   RO          837    .ARM.exidx.text._ZN10__cxxabiv1L24exception_spec_can_catchExPKhhPKNS_16__shim_type_infoEPvP21_Unwind_Control_Block  libcppabi_wx.l(cxa_personality.cpp.o)
    0x0800a0a8   0x08009fc4   0x00000008   Data   RO         1355    .ARM.exidx.text._ZN10__cxxabiv1L27dependent_exception_cleanupE19_Unwind_Reason_CodeP21_Unwind_Control_Block  libcppabi_wx.l(cxa_exception.cpp.o)
    0x0800a0b0   0x08009fc4   0x00000008   Data   RO          101    .ARM.exidx.text._ZN11MenuElement19isNeedToHandleEventERK10MenuEvents  main.o
    0x0800a0b8   0x08009fc4   0x00000008   Data   RO          359    .ARM.exidx.text._ZN12InputHandler11pollDevicesEv  inputhandler_1.o
    0x0800a0c0   0x08009fc4   0x00000008   Data   RO          361    .ARM.exidx.text._ZN12InputHandler15hasPendingEventEv  inputhandler_1.o
    0x0800a0c8   0x08009fc4   0x00000008   Data   RO         1634    .ARM.exidx.text._ZN12_GLOBAL__N_113fallback_freeEPv  libcppabi_wx.l(fallback_malloc.cpp.o)
    0x0800a0d0   0x08009fc4   0x00000008   Data   RO         1112    .ARM.exidx.text._ZN12_GLOBAL__N_114unwindOneFrameEjP21_Unwind_Control_BlockP15_Unwind_Context  libunwind_wx.l(Unwind-EHABI.cpp.o)
    0x0800a0d8   0x08009fc4   0x00000008   Data   RO         1628    .ARM.exidx.text._ZN12_GLOBAL__N_115fallback_mallocEj  libcppabi_wx.l(fallback_malloc.cpp.o)
    0x0800a0e0   0x08009fc4   0x00000008   Data   RO          107    .ARM.exidx.text._ZN15NextMenuHandler19handleExternalEventEP11MenuElement13ExternalEvent  main.o
    0x0800a0e8   0x08009fc4   0x00000008   Data   RO          341    .ARM.exidx.text._ZN15PinCofigurationC2EP12GPIO_TypeDefjhjjjj  inputhandler_1.o
    0x0800a0f0   0x08009fc4   0x00000008   Data   RO          109    .ARM.exidx.text._ZN15PrevMenuHandler19handleExternalEventEP11MenuElement13ExternalEvent  main.o
    0x0800a0f8   0x08009fc4   0x00000008   Data   RO           44    .ARM.exidx.text._ZN19MenuElementVariable11handleEventERK10MenuEvents  main.o
    0x0800a100   0x08009fc4   0x00000008   Data   RO           40    .ARM.exidx.text._ZN19MenuElementVariable12displayValueEv  main.o
    0x0800a108   0x08009fc4   0x00000008   Data   RO           38    .ARM.exidx.text._ZN19MenuElementVariable19isNeedToHandleEventERK10MenuEvents  main.o
    0x0800a110   0x08009fc4   0x00000008   Data   RO           42    .ARM.exidx.text._ZN19MenuElementVariable7displayEv  main.o
    0x0800a118   0x08009fc4   0x00000008   Data   RO           50    .ARM.exidx.text._ZN19MenuElementVariable9decrementEv  main.o
    0x0800a120   0x08009fc4   0x00000008   Data   RO           52    .ARM.exidx.text._ZN19MenuElementVariable9incrementEv  main.o
    0x0800a128   0x08009fc4   0x00000008   Data   RO           32    .ARM.exidx.text._ZN19MenuElementVariableC2ERK10FixedPointS2_S2_PKcS4_S4_bP20ExternalEventHandler  main.o
    0x0800a130   0x08009fc4   0x00000008   Data   RO           28    .ARM.exidx.text._ZN21MenuElementOptionList11handleEventERK10MenuEvents  main.o
    0x0800a138   0x08009fc4   0x00000008   Data   RO          103    .ARM.exidx.text._ZN21MenuElementOptionList19isNeedToHandleEventERK10MenuEvents  main.o
    0x0800a140   0x08009fc4   0x00000008   Data   RO           30    .ARM.exidx.text._ZN21MenuElementOptionList7displayEv  main.o
    0x0800a148   0x08009fc4   0x00000008   Data   RO           20    .ARM.exidx.text._ZN21MenuElementOptionListC2EPKc  main.o
    0x0800a150   0x08009fc4   0x00000008   Data   RO          105    .ARM.exidx.text._ZN24MainVoltageChangeHandler19handleExternalEventEP11MenuElement13ExternalEvent  main.o
    0x0800a158   0x08009fc4   0x00000008   Data   RO           18    .ARM.exidx.text._ZN4Menu11handleEventERK10MenuEvents  main.o
    0x0800a160   0x08009fc4   0x00000008   Data   RO           99    .ARM.exidx.text._ZN4Menu7displayEv  main.o
    0x0800a168   0x08009fc4   0x00000008   Data   RO          351    .ARM.exidx.text._ZN6Button6handleEv  inputhandler_1.o
    0x0800a170   0x08009fc4   0x00000008   Data   RO          241    .ARM.exidx.text._ZN9DitherPwm10setVoltageE10FixedPoint  ditherpwm.o
    0x0800a178   0x08009fc4   0x00000008   Data   RO          235    .ARM.exidx.text._ZN9DitherPwm10setupTimerEv  ditherpwm.o
    0x0800a180   0x08009fc4   0x00000008   Data   RO          245    .ARM.exidx.text._ZN9DitherPwm12setupByStepsE10FixedPointS0_S0_th  ditherpwm.o
    0x0800a188   0x08009fc4   0x00000008   Data   RO          239    .ARM.exidx.text._ZN9DitherPwm17setupByBasicStepNE10FixedPointS0_tth  ditherpwm.o
    0x0800a190   0x08009fc4   0x00000008   Data   RO          243    .ARM.exidx.text._ZN9DitherPwm19setupByPreciseStepNE10FixedPointS0_tth  ditherpwm.o
    0x0800a198   0x08009fc4   0x00000008   Data   RO          249    .ARM.exidx.text._ZN9DitherPwm5startEv  ditherpwm.o
    0x0800a1a0   0x08009fc4   0x00000008   Data   RO          233    .ARM.exidx.text._ZN9DitherPwm8setupDMAEv  ditherpwm.o
    0x0800a1a8   0x08009fc4   0x00000008   Data   RO          223    .ARM.exidx.text._ZN9DitherPwmC2EP11TIM_TypeDef  ditherpwm.o
    0x0800a1b0   0x08009fc4   0x00000008   Data   RO          231    .ARM.exidx.text._ZN9DitherPwmD2Ev  ditherpwm.o
    0x0800a1b8   0x08009fc4   0x00000008   Data   RO         1527    .ARM.exidx.text._ZN9libunwind12UnwindCursorINS_17LocalAddressSpaceENS_13Registers_armEE10saveVFPAsXEv  libunwind_wx.l(libunwind.cpp.o)
    0x0800a1c0   0x08009fc4   0x00000008   Data   RO         1509    .ARM.exidx.text._ZN9libunwind12UnwindCursorINS_17LocalAddressSpaceENS_13Registers_armEE11getFloatRegEi  libunwind_wx.l(libunwind.cpp.o)
    0x0800a1c8   0x08009fc4   0x00000008   Data   RO         1511    .ARM.exidx.text._ZN9libunwind12UnwindCursorINS_17LocalAddressSpaceENS_13Registers_armEE11setFloatRegEiy  libunwind_wx.l(libunwind.cpp.o)
    0x0800a1d0   0x08009fc4   0x00000008   Data   RO         1519    .ARM.exidx.text._ZN9libunwind12UnwindCursorINS_17LocalAddressSpaceENS_13Registers_armEE13isSignalFrameEv  libunwind_wx.l(libunwind.cpp.o)
    0x0800a1d8   0x08009fc4   0x00000008   Data   RO         1529    .ARM.exidx.text._ZN9libunwind12UnwindCursorINS_17LocalAddressSpaceENS_13Registers_armEE13stepWithEHABIEv  libunwind_wx.l(libunwind.cpp.o)
    0x0800a1e0   0x08009fc4   0x00000008   Data   RO         1507    .ARM.exidx.text._ZN9libunwind12UnwindCursorINS_17LocalAddressSpaceENS_13Registers_armEE13validFloatRegEi  libunwind_wx.l(libunwind.cpp.o)
    0x0800a1e8   0x08009fc4   0x00000008   Data   RO         1521    .ARM.exidx.text._ZN9libunwind12UnwindCursorINS_17LocalAddressSpaceENS_13Registers_armEE15getFunctionNameEPcjPj  libunwind_wx.l(libunwind.cpp.o)
    0x0800a1f0   0x08009fc4   0x00000008   Data   RO         1525    .ARM.exidx.text._ZN9libunwind12UnwindCursorINS_17LocalAddressSpaceENS_13Registers_armEE15getRegisterNameEi  libunwind_wx.l(libunwind.cpp.o)
    0x0800a1f8   0x08009fc4   0x00000008   Data   RO         1533    .ARM.exidx.text._ZN9libunwind12UnwindCursorINS_17LocalAddressSpaceENS_13Registers_armEE23getInfoFromEHABISectionEjRKNS_18UnwindInfoSectionsE  libunwind_wx.l(libunwind.cpp.o)
    0x0800a200   0x08009fc4   0x00000008   Data   RO         1523    .ARM.exidx.text._ZN9libunwind12UnwindCursorINS_17LocalAddressSpaceENS_13Registers_armEE24setInfoBasedOnIPRegisterEb  libunwind_wx.l(libunwind.cpp.o)
    0x0800a208   0x08009fc4   0x00000008   Data   RO         1513    .ARM.exidx.text._ZN9libunwind12UnwindCursorINS_17LocalAddressSpaceENS_13Registers_armEE4stepEv  libunwind_wx.l(libunwind.cpp.o)
    0x0800a210   0x08009fc4   0x00000008   Data   RO         1503    .ARM.exidx.text._ZN9libunwind12UnwindCursorINS_17LocalAddressSpaceENS_13Registers_armEE6getRegEi  libunwind_wx.l(libunwind.cpp.o)
    0x0800a218   0x08009fc4   0x00000008   Data   RO         1517    .ARM.exidx.text._ZN9libunwind12UnwindCursorINS_17LocalAddressSpaceENS_13Registers_armEE6jumptoEv  libunwind_wx.l(libunwind.cpp.o)
    0x0800a220   0x08009fc4   0x00000008   Data   RO         1505    .ARM.exidx.text._ZN9libunwind12UnwindCursorINS_17LocalAddressSpaceENS_13Registers_armEE6setRegEij  libunwind_wx.l(libunwind.cpp.o)
    0x0800a228   0x08009fc4   0x00000008   Data   RO         1515    .ARM.exidx.text._ZN9libunwind12UnwindCursorINS_17LocalAddressSpaceENS_13Registers_armEE7getInfoEP15unw_proc_info_t  libunwind_wx.l(libunwind.cpp.o)
    0x0800a230   0x08009fc4   0x00000008   Data   RO         1501    .ARM.exidx.text._ZN9libunwind12UnwindCursorINS_17LocalAddressSpaceENS_13Registers_armEE8validRegEi  libunwind_wx.l(libunwind.cpp.o)
    0x0800a238   0x08009fc4   0x00000008   Data   RO         1531    .ARM.exidx.text._ZN9libunwind13Registers_arm26restoreSavedFloatRegistersEv  libunwind_wx.l(libunwind.cpp.o)
    0x0800a240   0x08009fc4   0x00000008   Data   RO         1497    .ARM.exidx.text._ZN9libunwind20AbstractUnwindCursorD2Ev  libunwind_wx.l(libunwind.cpp.o)
    0x0800a248   0x08009fc4   0x00000008   Data   RO          918    .ARM.exidx.text._ZNK10__cxxabiv117__class_type_info16search_above_dstEPNS_19__dynamic_cast_infoEPKvS4_ib  libcppabi_wx.l(private_typeinfo.cpp.o)
    0x0800a250   0x08009fc4   0x00000008   Data   RO          912    .ARM.exidx.text._ZNK10__cxxabiv117__class_type_info16search_below_dstEPNS_19__dynamic_cast_infoEPKvib  libcppabi_wx.l(private_typeinfo.cpp.o)
    0x0800a258   0x08009fc4   0x00000008   Data   RO          880    .ARM.exidx.text._ZNK10__cxxabiv117__class_type_info27has_unambiguous_public_baseEPNS_19__dynamic_cast_infoEPvi  libcppabi_wx.l(private_typeinfo.cpp.o)
    0x0800a260   0x08009fc4   0x00000008   Data   RO          876    .ARM.exidx.text._ZNK10__cxxabiv117__class_type_info9can_catchEPKNS_16__shim_type_infoERPv  libcppabi_wx.l(private_typeinfo.cpp.o)
    0x0800a268   0x08009fc4   0x00000008   Data   RO          888    .ARM.exidx.text._ZNK10__cxxabiv117__pbase_type_info9can_catchEPKNS_16__shim_type_infoERPv  libcppabi_wx.l(private_typeinfo.cpp.o)
    0x0800a270   0x08009fc4   0x00000008   Data   RO          892    .ARM.exidx.text._ZNK10__cxxabiv119__pointer_type_info16can_catch_nestedEPKNS_16__shim_type_infoE  libcppabi_wx.l(private_typeinfo.cpp.o)
    0x0800a278   0x08009fc4   0x00000008   Data   RO          890    .ARM.exidx.text._ZNK10__cxxabiv119__pointer_type_info9can_catchEPKNS_16__shim_type_infoERPv  libcppabi_wx.l(private_typeinfo.cpp.o)
    0x0800a280   0x08009fc4   0x00000008   Data   RO          916    .ARM.exidx.text._ZNK10__cxxabiv120__si_class_type_info16search_above_dstEPNS_19__dynamic_cast_infoEPKvS4_ib  libcppabi_wx.l(private_typeinfo.cpp.o)
    0x0800a288   0x08009fc4   0x00000008   Data   RO          882    .ARM.exidx.text._ZNK10__cxxabiv120__si_class_type_info27has_unambiguous_public_baseEPNS_19__dynamic_cast_infoEPvi  libcppabi_wx.l(private_typeinfo.cpp.o)
    0x0800a290   0x08009fc4   0x00000008   Data   RO          914    .ARM.exidx.text._ZNK10__cxxabiv121__vmi_class_type_info16search_above_dstEPNS_19__dynamic_cast_infoEPKvS4_ib  libcppabi_wx.l(private_typeinfo.cpp.o)
    0x0800a298   0x08009fc4   0x00000008   Data   RO          868    .ARM.exidx.text._ZNK10__cxxabiv123__fundamental_type_info9can_catchEPKNS_16__shim_type_infoERPv  libcppabi_wx.l(private_typeinfo.cpp.o)
    0x0800a2a0   0x08009fc4   0x00000008   Data   RO          894    .ARM.exidx.text._ZNK10__cxxabiv129__pointer_to_member_type_info16can_catch_nestedEPKNS_16__shim_type_infoE  libcppabi_wx.l(private_typeinfo.cpp.o)
    0x0800a2a8   0x08009fc4   0x00000008   Data   RO          896    .ARM.exidx.text._ZNK10__cxxabiv129__pointer_to_member_type_info9can_catchEPKNS_16__shim_type_infoERPv  libcppabi_wx.l(private_typeinfo.cpp.o)
    0x0800a2b0   0x08009fc4   0x00000008   Data   RO         1402    .ARM.exidx.text._ZNKSt13bad_exception4whatEv  libcppabi_wx.l(stdlib_exception.cpp.o)
    0x0800a2b8   0x08009fc4   0x00000008   Data   RO         1535    .ARM.exidx.text._ZNSt3__113__upper_boundIRNS_6__lessIjjEEN9libunwind20EHABISectionIteratorINS4_17LocalAddressSpaceEEEjEET0_S8_S8_RKT1_T_  libunwind_wx.l(libunwind.cpp.o)
    0x0800a2c0   0x08009fc4   0x00000008   Data   RO         1404    .ARM.exidx.text._ZNSt9bad_allocC2Ev  libcppabi_wx.l(stdlib_exception.cpp.o)
    0x0800a2c8   0x08009fc4   0x00000008   Data   RO         1373    .ARM.exidx.text._ZSt10unexpectedv  libcppabi_wx.l(cxa_handlers.cpp.o)
    0x0800a2d0   0x08009fc4   0x00000008   Data   RO         1378    .ARM.exidx.text._ZSt11__terminatePFvvE  libcppabi_wx.l(cxa_handlers.cpp.o)
    0x0800a2d8   0x08009fc4   0x00000008   Data   RO         1371    .ARM.exidx.text._ZSt12__unexpectedPFvvE  libcppabi_wx.l(cxa_handlers.cpp.o)
    0x0800a2e0   0x08009fc4   0x00000008   Data   RO         1375    .ARM.exidx.text._ZSt13get_terminatev  libcppabi_wx.l(cxa_handlers.cpp.o)
    0x0800a2e8   0x08009fc4   0x00000008   Data   RO         1381    .ARM.exidx.text._ZSt9terminatev  libcppabi_wx.l(cxa_handlers.cpp.o)
    0x0800a2f0   0x08009fc4   0x00000008   Data   RO          792    .ARM.exidx.text._ZdaPv  libcpp_wx.l(new.cpp.o)
    0x0800a2f8   0x08009fc4   0x00000008   Data   RO          784    .ARM.exidx.text._ZnajRKSt9nothrow_t  libcpp_wx.l(new.cpp.o)
    0x0800a300   0x08009fc4   0x00000008   Data   RO          803    .ARM.exidx.text._ZnajSt11align_val_t  libcpp_wx.l(new.cpp.o)
    0x0800a308   0x08009fc4   0x00000008   Data   RO          806    .ARM.exidx.text._ZnajSt11align_val_tRKSt9nothrow_t  libcpp_wx.l(new.cpp.o)
    0x0800a310   0x08009fc4   0x00000008   Data   RO          776    .ARM.exidx.text._Znwj  libcpp_wx.l(new.cpp.o)
    0x0800a318   0x08009fc4   0x00000008   Data   RO          779    .ARM.exidx.text._ZnwjRKSt9nothrow_t  libcpp_wx.l(new.cpp.o)
    0x0800a320   0x08009fc4   0x00000008   Data   RO          798    .ARM.exidx.text._ZnwjSt11align_val_t  libcpp_wx.l(new.cpp.o)
    0x0800a328   0x08009fc4   0x00000008   Data   RO          801    .ARM.exidx.text._ZnwjSt11align_val_tRKSt9nothrow_t  libcpp_wx.l(new.cpp.o)
    0x0800a330   0x08009fc4   0x00000008   Data   RO         1110    .ARM.exidx.text.__aeabi_unwind_cpp_pr0  libunwind_wx.l(Unwind-EHABI.cpp.o)
    0x0800a338   0x08009fc4   0x00000008   Data   RO          821    .ARM.exidx.text.__clang_call_terminate  libcpp_wx.l(new.cpp.o)
    0x0800a340   0x08009fc4   0x00000008   Data   RO         1319    .ARM.exidx.text.__cxa_allocate_dependent_exception  libcppabi_wx.l(cxa_exception.cpp.o)
    0x0800a348   0x08009fc4   0x00000008   Data   RO         1314    .ARM.exidx.text.__cxa_allocate_exception  libcppabi_wx.l(cxa_exception.cpp.o)
    0x0800a350   0x08009fc4   0x00000008   Data   RO         1337    .ARM.exidx.text.__cxa_begin_catch  libcppabi_wx.l(cxa_exception.cpp.o)
    0x0800a358   0x08009fc4   0x00000008   Data   RO         1332    .ARM.exidx.text.__cxa_begin_cleanup  libcppabi_wx.l(cxa_exception.cpp.o)
    0x0800a360   0x08009fc4   0x00000008   Data   RO          833    .ARM.exidx.text.__cxa_call_unexpected  libcppabi_wx.l(cxa_personality.cpp.o)
    0x0800a368   0x08009fc4   0x00000008   Data   RO         1342    .ARM.exidx.text.__cxa_decrement_exception_refcount  libcppabi_wx.l(cxa_exception.cpp.o)
    0x0800a370   0x08009fc4   0x00000008   Data   RO         1339    .ARM.exidx.text.__cxa_end_catch  libcppabi_wx.l(cxa_exception.cpp.o)
    0x0800a378   0x08009fc4   0x00000008   Data   RO         1334    .ARM.exidx.text.__cxa_end_cleanup_impl  libcppabi_wx.l(cxa_exception.cpp.o)
    0x0800a380   0x08009fc4   0x00000008   Data   RO         1363    .ARM.exidx.text.__cxa_get_globals  libcppabi_wx.l(cxa_exception_storage.cpp.o)
    0x0800a388   0x08009fc4   0x00000008   Data   RO         1346    .ARM.exidx.text.__cxa_rethrow  libcppabi_wx.l(cxa_exception.cpp.o)
    0x0800a390   0x08009fc4   0x00000008   Data   RO         1353    .ARM.exidx.text.__cxa_rethrow_primary_exception  libcppabi_wx.l(cxa_exception.cpp.o)
    0x0800a398   0x08009fc4   0x00000008   Data   RO         1323    .ARM.exidx.text.__cxa_throw  libcppabi_wx.l(cxa_exception.cpp.o)
    0x0800a3a0   0x08009fc4   0x00000008   Data   RO          898    .ARM.exidx.text.__dynamic_cast  libcppabi_wx.l(private_typeinfo.cpp.o)
    0x0800a3a8   0x08009fc4   0x00000008   Data   RO         1133    .ARM.exidx.text.__gnu_unwind_frame  libunwind_wx.l(Unwind-EHABI.cpp.o)
    0x0800a3b0   0x08009fc4   0x00000008   Data   RO          824    .ARM.exidx.text.__gxx_personality_v0  libcppabi_wx.l(cxa_personality.cpp.o)
    0x0800a3b8   0x08009fc4   0x00000008   Data   RO         1616    .ARM.exidx.text.abort_message  libcppabi_wx.l(abort_message.cpp.o)
    0x0800a3c0   0x08009fc4   0x00000008   Data   RO         1100    .ARM.exidx.text.decode_eht_entry  libunwind_wx.l(Unwind-EHABI.cpp.o)
    0x0800a3c8   0x08009fc4   0x00000008   Data   RO          200    .ARM.exidx.text.delayUs  lcd.o
    0x0800a3d0   0x08009fc4   0x00000008   Data   RO           65    .ARM.exidx.text.main  main.o
    0x0800a3d8   0x08009fc4   0x00000008   Data   RO          310    .ARM.exidx.text.stringcopy  functions.o
    0x0800a3e0   0x08009fc4   0x00000008   Data   RO         1474    .ARM.exidx.text.unw_get_fpreg  libunwind_wx.l(libunwind.cpp.o)
    0x0800a3e8   0x08009fc4   0x00000008   Data   RO         1480    .ARM.exidx.text.unw_get_proc_info  libunwind_wx.l(libunwind.cpp.o)
    0x0800a3f0   0x08009fc4   0x00000008   Data   RO         1470    .ARM.exidx.text.unw_get_reg  libunwind_wx.l(libunwind.cpp.o)
    0x0800a3f8   0x08009fc4   0x00000008   Data   RO         1468    .ARM.exidx.text.unw_init_local  libunwind_wx.l(libunwind.cpp.o)
    0x0800a400   0x08009fc4   0x00000008   Data   RO         1482    .ARM.exidx.text.unw_resume  libunwind_wx.l(libunwind.cpp.o)
    0x0800a408   0x08009fc4   0x00000008   Data   RO         1492    .ARM.exidx.text.unw_save_vfp_as_X  libunwind_wx.l(libunwind.cpp.o)
    0x0800a410   0x08009fc4   0x00000008   Data   RO         1476    .ARM.exidx.text.unw_set_fpreg  libunwind_wx.l(libunwind.cpp.o)
    0x0800a418   0x08009fc4   0x00000008   Data   RO         1472    .ARM.exidx.text.unw_set_reg  libunwind_wx.l(libunwind.cpp.o)
    0x0800a420   0x08009fc4   0x00000008   Data   RO         1478    .ARM.exidx.text.unw_step  libunwind_wx.l(libunwind.cpp.o)


    Execution Region RW_IRAM1 (Exec base: 0x20000000, Load base: 0x0800a428, Size: 0x00000b18, Max: 0x00020000, ABSOLUTE, COMPRESSED[0x000000c0])

    Exec Addr    Load Addr    Size         Type   Attr      Idx    E Section Name        Object

    0x20000000   COMPRESSED   0x00000008   Data   RW          324    .data.AllDmaPtr     functions.o
    0x20000008   COMPRESSED   0x00000008   Data   RW          326    .data.AllDmaRccTable  functions.o
    0x20000010   COMPRESSED   0x00000020   Data   RW          313    .data.AllGOIORccTable  functions.o
    0x20000030   COMPRESSED   0x00000020   Data   RW          311    .data.AllGPIOTable  functions.o
    0x20000050   COMPRESSED   0x00000030   Data   RW          320    .data.AllTimerDmaChStr  functions.o
    0x20000080   COMPRESSED   0x00000018   Data   RW          323    .data.AllTimerGpioPtr  functions.o
    0x20000098   COMPRESSED   0x00000018   Data   RW          321    .data.AllTimersDmaPtr  functions.o
    0x200000b0   COMPRESSED   0x00000038   Data   RW          316    .data.AllTimersRccAxBxTable  functions.o
    0x200000e8   COMPRESSED   0x00000038   Data   RW          317    .data.AllTimersRccTable  functions.o
    0x20000120   COMPRESSED   0x00000038   Data   RW          314    .data.AllTimersTable  functions.o
    0x20000158   COMPRESSED   0x00000018   Data   RW          318    .data.AllTimersWithDma  functions.o
    0x20000170   COMPRESSED   0x00000004   Data   RW          623    .data.SystemCoreClock  system_stm32f4xx.o
    0x20000174   COMPRESSED   0x00000030   Data   RW          322    .data.TimerWithDmaPinConf  functions.o
    0x200001a4   COMPRESSED   0x00000004   Data   RW         1622    .data.__cxa_terminate_handler  libcppabi_wx.l(cxa_default_handlers.cpp.o)
    0x200001a8   COMPRESSED   0x00000004   Data   RW         1623    .data.__cxa_unexpected_handler  libcppabi_wx.l(cxa_default_handlers.cpp.o)
    0x200001ac   COMPRESSED   0x00000004   PAD
    0x200001b0        -       0x00000060   Zero   RW         1549    .bss                c_w.l(libspace.o)
    0x20000210        -       0x00000068   Zero   RW           77    .bss.Handler        main.o
    0x20000278        -       0x00000088   Zero   RW          209    .bss.PrivateLcdStructure  lcd.o
    0x20000300        -       0x0000000c   Zero   RW         1366    .bss._ZN10__cxxabiv1L10eh_globalsE  libcppabi_wx.l(cxa_exception_storage.cpp.o)
    0x2000030c        -       0x00000200   Zero   RW         1638    .bss._ZN12_GLOBAL__N_14heapE  libcppabi_wx.l(fallback_malloc.cpp.o)
    0x2000050c        -       0x00000004   Zero   RW         1637    .bss._ZN12_GLOBAL__N_18freelistE  libcppabi_wx.l(fallback_malloc.cpp.o)
    0x20000510        -       0x00000001   Zero   RW         1493    .bss._ZN9libunwind17LocalAddressSpace17sThisAddressSpaceE  libunwind_wx.l(libunwind.cpp.o)
    0x20000511   COMPRESSED   0x00000003   PAD
    0x20000514        -       0x00000004   Zero   RW         1386    .bss.__cxa_new_handler  libcppabi_wx.l(cxa_handlers.cpp.o)
    0x20000518        -       0x00000200   Zero   RW            2    HEAP                startup_stm32f407xx.o
    0x20000718        -       0x00000400   Zero   RW            1    STACK               startup_stm32f407xx.o


==============================================================================

Image component sizes


      Code (inc. data)   RO Data    RW Data    ZI Data      Debug   Object Name

      2070          8         72          0          0      25524   ditherpwm.o
      1154          0          8        416          0       8220   functions.o
       590          0        119          0          0      10803   inputhandler_1.o
      1856         40         28          0        136      12457   lcd.o
       190          0          0          0          0       4865   leds.o
      6752        202        946          0        104      59828   main.o
        64         26        392          0       1536        832   startup_stm32f407xx.o
        18          0          8          0          0       1220   stm32f4xx_it.o
       600          8          8          0          0       5804   stm32f4xx_ll_dma.o
       296          0          0          0          0       5536   stm32f4xx_ll_gpio.o
      1382          0          0          0          0      12395   stm32f4xx_ll_tim.o
        52          0          0          0          0       8588   stm32f4xx_ll_utils.o
       212          0         16          4          0       2775   system_stm32f4xx.o

    ----------------------------------------------------------------------
     15340        284       1696        420       1776     158847   Object Totals
         0          0         32          0          0          0   (incl. Generated)
       104          0         67          0          0          0   (incl. Padding)

    ----------------------------------------------------------------------

      Code (inc. data)   RO Data    RW Data    ZI Data      Debug   Library Member Name

        44          6          0          0          0         84   __2sprintf.o
        90          0          0          0          0          0   __dczerorl2.o
         8          0          0          0          0         68   __main.o
       392          4         17          0          0         92   __printf_flags_ss_wp.o
        14          0          0          0          0         68   __printf_wp.o
         0          0          0          0          0          0   __rtentry.o
        12          0          0          0          0          0   __rtentry2.o
         6          0          8          0          0          0   __rtentry4.o
        52          8          0          0          0          0   __scatter.o
        28          0          0          0          0          0   __scatter_zi.o
        72          0          0          0          0         96   _c16rtomb.o
         6          0          0          0          0          0   _printf_a.o
         6          0          0          0          0          0   _printf_c.o
        44          0          0          0          0        108   _printf_char.o
        48          6          0          0          0         96   _printf_char_common.o
        40          0          0          0          0         68   _printf_charcount.o
         6          0          0          0          0          0   _printf_d.o
       120         16          0          0          0         92   _printf_dec.o
         6          0          0          0          0          0   _printf_e.o
         6          0          0          0          0          0   _printf_f.o
      1052          0          0          0          0        148   _printf_fp_dec.o
       764          8         38          0          0        100   _printf_fp_hex.o
       128         16          0          0          0         84   _printf_fp_infnan.o
         6          0          0          0          0          0   _printf_g.o
       148          4         40          0          0        160   _printf_hex_int_ll_ptr.o
         6          0          0          0          0          0   _printf_i.o
       178          0          0          0          0         88   _printf_intcommon.o
        10          0          0          0          0          0   _printf_l.o
         6          0          0          0          0          0   _printf_lc.o
        10          0          0          0          0          0   _printf_ll.o
         6          0          0          0          0          0   _printf_lld.o
         6          0          0          0          0          0   _printf_lli.o
         6          0          0          0          0          0   _printf_llo.o
         6          0          0          0          0          0   _printf_llu.o
         6          0          0          0          0          0   _printf_llx.o
       124         16          0          0          0         92   _printf_longlong_dec.o
         6          0          0          0          0          0   _printf_ls.o
         6          0          0          0          0          0   _printf_n.o
         6          0          0          0          0          0   _printf_o.o
       112          8          0          0          0        124   _printf_oct_int_ll.o
         6          0          0          0          0          0   _printf_p.o
        78          0          0          0          0        108   _printf_pad.o
         0          0          0          0          0          0   _printf_percent.o
         4          0          0          0          0          0   _printf_percent_end.o
         6          0          0          0          0          0   _printf_s.o
        82          0          0          0          0         80   _printf_str.o
        36          0          0          0          0         84   _printf_truncate.o
         6          0          0          0          0          0   _printf_u.o
        44          0          0          0          0        108   _printf_wchar.o
       188          6          8          0          0         92   _printf_wctomb.o
         6          0          0          0          0          0   _printf_x.o
        10          0          0          0          0         68   _sputc.o
        22          0          0          0          0         80   abort.o
       228          4        148          0          0         96   bigflt0.o
      1936        128          0          0          0        672   btod.o
        40          0          0          0          0         80   calloc.o
        48         34          0          0          0         76   defsig_abrt_inner.o
        14          0          0          0          0         80   defsig_abrt_outer.o
        10          0          0          0          0         68   defsig_exit.o
        50          0          0          0          0         88   defsig_general.o
        80         58          0          0          0         76   defsig_rtmem_inner.o
        14          0          0          0          0         80   defsig_rtmem_outer.o
        18          0          0          0          0         80   exit.o
        94          0          0          0          0         80   h1_alloc.o
        52          0          0          0          0         68   h1_extend.o
        78          0          0          0          0         80   h1_free.o
        14          0          0          0          0         84   h1_init.o
       180          0          0          0          0         88   h1_memalign.o
         6          0          0          0          0        152   heapauxi.o
         4          0          0          0          0        136   hguard.o
         0          0          0          0          0          0   indicate_semi.o
        36         10          0          0          0         80   init_aeabi.o
       138          0          0          0          0        168   init_alloc.o
        44         10        272          0          0         76   lc_ctype_c.o
        44         10         28          0          0         76   lc_numeric_c.o
         2          0          0          0          0          0   libinit.o
        46          0          0          0          0          0   libinit2.o
         2          0          0          0          0          0   libshutdown.o
         2          0          0          0          0          0   libshutdown2.o
         8          4          0          0         96         68   libspace.o
       138          0          0          0          0         80   lludiv10.o
       238          0          0          0          0        100   lludivv7m.o
         0          0          0          0          0          0   maybetermalloc1.o
        16          4          0          0          0         76   rt_ctype_table.o
         8          4          0          0          0         68   rt_heap_descriptor_intlibspace.o
         8          4          0          0          0         68   rt_locale_intlibspace.o
        68          0          0          0          0         68   rt_memclr.o
        78          0          0          0          0         80   rt_memclr_w.o
       138          0          0          0          0         68   rt_memcpy_v6.o
       100          0          0          0          0         80   rt_memcpy_w.o
         2          0          0          0          0          0   rtexit.o
        10          0          0          0          0          0   rtexit2.o
       124          0          0          0          0         88   strcmpv7em.o
        62          0          0          0          0         76   strlen.o
        12          4          0          0          0         68   sys_exit.o
        74          0          0          0          0         80   sys_stackheap_outer.o
        14          0          0          0          0         76   sys_wrch.o
         2          0          0          0          0         68   use_no_semi.o
        36          4          0          0          0         76   vsprintf.o
       804         16          0          0          0        376   daddsub_clz.o
        84          0          0          0          0        244   dcmp.o
        24          0          0          0          0        116   dcmpi.o
       688        140          0          0          0        264   ddiv.o
       120          4          0          0          0        140   deqf.o
        90          4          0          0          0        140   dfixu.o
        38          0          0          0          0        116   dflt_clz.o
       120          4          0          0          0        140   dgeqf.o
       120          4          0          0          0        140   dleqf.o
       340         12          0          0          0        152   dmul.o
       156          4          0          0          0        140   dnaninf.o
        12          0          0          0          0        116   dretinf.o
        26          0          0          0          0        116   fpinit.o
         4          0          0          0          0        116   printf1.o
         4          0          0          0          0        116   printf2.o
         0          0          0          0          0          0   usenofp.o
       298          0        312          0          0          0   new.cpp.o
         6          0          8          0          0          0   abort_message.cpp.o
        88          0          0          8          0          0   cxa_default_handlers.cpp.o
       904          0        308          0          0          0   cxa_exception.cpp.o
        20          0          8          0         12          0   cxa_exception_storage.cpp.o
       430        136        144          0          4          0   cxa_handlers.cpp.o
      2228         14        220          0          0          0   cxa_personality.cpp.o
       448          0         48          0        516          0   fallback_malloc.cpp.o
      2140          0        678          0          0          0   private_typeinfo.cpp.o
       156         80        242          0          0          0   stdlib_exception.cpp.o
         2          0         21          0          0          0   stdlib_typeinfo.cpp.o
      1530         14        108          0          0          0   Unwind-EHABI.cpp.o
        38          0          0          0          0          0   UnwindRegistersRestore.S.o
        46          0          0          0          0          0   UnwindRegistersSave.S.o
      2452        564        299          0          1          0   libunwind.cpp.o
        48          0          0          0          0        124   fpclassify.o

    ----------------------------------------------------------------------
     21900       1372       3088          8        636       8516   Library Totals
        40          0        133          0          7          0   (incl. Padding)

    ----------------------------------------------------------------------

      Code (inc. data)   RO Data    RW Data    ZI Data      Debug   Library Name

      8396        376        559          0         96       5960   c_w.l
      2630        188          0          0          0       2432   fz_wm.l
       298          0        312          0          0          0   libcpp_wx.l
      6422        230       1677          8        532          0   libcppabi_wx.l
      4066        578        407          0          1          0   libunwind_wx.l
        48          0          0          0          0        124   m_wm.l

    ----------------------------------------------------------------------
     21900       1372       3088          8        636       8516   Library Totals

    ----------------------------------------------------------------------

==============================================================================


      Code (inc. data)   RO Data    RW Data    ZI Data      Debug   

     37240       1656       4784        428       2412     162307   Grand Totals
     37240       1656       4784        192       2412     162307   ELF Image Totals (compressed)
     37240       1656       4784        192          0          0   ROM Totals

==============================================================================

    Total RO  Size (Code + RO Data)                42024 (  41.04kB)
    Total RW  Size (RW Data + ZI Data)              2840 (   2.77kB)
    Total ROM Size (Code + RO Data + RW Data)      42216 (  41.23kB)

==============================================================================

